Component: ARM Compiler 5.06 update 6 (build 750) Tool: armlink [4d35ed]

==============================================================================

Section Cross References

    i2c_slave.o(.text) refers to led_lpc1768.o(.text) for LED_Initialize
    i2c_slave.o(.text) refers to rt_cmsis.o(i.osKernelInitialize) for osKernelInitialize
    i2c_slave.o(.text) refers to rt_cmsis.o(i.osKernelStart) for osKernelStart
    i2c_slave.o(.text) refers to rt_cmsis.o(i.osDelay) for osDelay
    i2c_slave.o(.text) refers to i2c_slave.o(.data) for I2C_Event
    i2c_slave.o(.data) refers to i2c_lpc17xx.o(.constdata) for Driver_I2C2
    led_lpc1768.o(.text) refers to gpio_lpc17xx.o(.text) for GPIO_PortClock
    led_lpc1768.o(.text) refers to pin_lpc17xx.o(.text) for PIN_Configure
    led_lpc1768.o(.text) refers to led_lpc1768.o(.constdata) for LED_PIN
    rtx_conf_cm.o(.ARM.Collect$$$$000000FF) refers to rt_cmsis.o(i.osKernelInitialize) for osKernelInitialize
    rtx_conf_cm.o(.ARM.Collect$$$$000000FF) refers to rt_cmsis.o(i.osThreadCreate) for osThreadCreate
    rtx_conf_cm.o(.ARM.Collect$$$$000000FF) refers to rt_cmsis.o(i.osKernelStart) for osKernelStart
    rtx_conf_cm.o(.ARM.Collect$$$$000000FF) refers to rtx_conf_cm.o(.constdata) for .constdata
    rtx_conf_cm.o(.constdata) refers to rt_cmsis.o(i.osTimerThread) for osTimerThread
    rtx_conf_cm.o(.constdata) refers to rtx_conf_cm.o(.bss) for os_messageQ_q_osTimerMessageQ
    rtx_conf_cm.o(.constdata) refers to i2c_slave.o(.text) for main
    i2c_lpc17xx.o(.text) refers to pin_lpc17xx.o(.text) for PIN_Configure
    i2c_lpc17xx.o(.text) refers to memseta.o(.text) for __aeabi_memclr4
    i2c_lpc17xx.o(.text) refers to system_lpc17xx.o(.data) for SystemCoreClock
    i2c_lpc17xx.o(.text) refers to i2c_lpc17xx.o(.constdata) for DriverVersion
    i2c_lpc17xx.o(.constdata) refers to i2c_lpc17xx.o(.data) for I2C2_PIN
    i2c_lpc17xx.o(.constdata) refers to i2c_lpc17xx.o(.bss) for I2C2_Ctrl
    i2c_lpc17xx.o(.constdata) refers to i2c_lpc17xx.o(.text) for I2C_GetVersion
    startup_lpc17xx.o(RESET) refers to startup_lpc17xx.o(STACK) for __initial_sp
    startup_lpc17xx.o(RESET) refers to startup_lpc17xx.o(.text) for Reset_Handler
    startup_lpc17xx.o(RESET) refers to hal_cm3.o(.emb_text) for SVC_Handler
    startup_lpc17xx.o(RESET) refers to i2c_lpc17xx.o(.text) for I2C2_IRQHandler
    startup_lpc17xx.o(.text) refers to system_lpc17xx.o(.text) for SystemInit
    startup_lpc17xx.o(.text) refers to entry.o(.ARM.Collect$$$$00000000) for __main
    system_lpc17xx.o(.text) refers to uldiv.o(.text) for __aeabi_uldivmod
    system_lpc17xx.o(.text) refers to system_lpc17xx.o(.data) for SystemCoreClock
    rt_cmsis.o(i.isrMessageGet) refers to rt_mailbox.o(i.isr_mbx_receive) for isr_mbx_receive
    rt_cmsis.o(i.isrMessagePut) refers to rt_mailbox.o(i.rt_mbx_check) for rt_mbx_check
    rt_cmsis.o(i.isrMessagePut) refers to rt_mailbox.o(i.isr_mbx_send) for isr_mbx_send
    rt_cmsis.o(i.isrSemaphoreRelease) refers to rt_cmsis.o(i.rt_id2obj) for rt_id2obj
    rt_cmsis.o(i.isrSemaphoreRelease) refers to rt_semaphore.o(i.isr_sem_send) for isr_sem_send
    rt_cmsis.o(i.isrSignalSet) refers to rt_cmsis.o(i.rt_tid2ptcb) for rt_tid2ptcb
    rt_cmsis.o(i.isrSignalSet) refers to rt_event.o(i.isr_evt_set) for isr_evt_set
    rt_cmsis.o(i.osDelay) refers to rt_cmsis.o(i.svcDelay) for svcDelay
    rt_cmsis.o(i.osKernelInitialize) refers to rt_cmsis.o(i.svcKernelInitialize) for svcKernelInitialize
    rt_cmsis.o(i.osKernelRunning) refers to rt_cmsis.o(i.svcKernelRunning) for svcKernelRunning
    rt_cmsis.o(i.osKernelRunning) refers to rt_cmsis.o(.data) for .data
    rt_cmsis.o(i.osKernelStart) refers to rtx_conf_cm.o(.constdata) for os_flags
    rt_cmsis.o(i.osKernelStart) refers to rt_cmsis.o(i.svcKernelStart) for svcKernelStart
    rt_cmsis.o(i.osKernelSysTick) refers to rt_cmsis.o(i.svcKernelSysTick) for svcKernelSysTick
    rt_cmsis.o(i.osMailAlloc) refers to rt_cmsis.o(i.sysMailAlloc) for sysMailAlloc
    rt_cmsis.o(i.osMailCAlloc) refers to rt_cmsis.o(i.sysMailAlloc) for sysMailAlloc
    rt_cmsis.o(i.osMailCAlloc) refers to rt_cmsis.o(i.rt_clr_box) for rt_clr_box
    rt_cmsis.o(i.osMailCreate) refers to rt_cmsis.o(i.svcMailCreate) for svcMailCreate
    rt_cmsis.o(i.osMailCreate) refers to rt_cmsis.o(.data) for .data
    rt_cmsis.o(i.osMailFree) refers to rt_cmsis.o(i.sysMailFree) for sysMailFree
    rt_cmsis.o(i.osMailGet) refers to rt_cmsis.o(i.osMessageGet) for osMessageGet
    rt_cmsis.o(i.osMailPut) refers to rt_cmsis.o(i.osMessagePut) for osMessagePut
    rt_cmsis.o(i.osMessageCreate) refers to rt_cmsis.o(i.svcMessageCreate) for svcMessageCreate
    rt_cmsis.o(i.osMessageCreate) refers to rt_cmsis.o(.data) for .data
    rt_cmsis.o(i.osMessageGet) refers to rt_cmsis.o(i.isrMessageGet) for isrMessageGet
    rt_cmsis.o(i.osMessageGet) refers to rt_cmsis.o(i.svcMessageGet) for svcMessageGet
    rt_cmsis.o(i.osMessagePut) refers to rt_cmsis.o(i.isrMessagePut) for isrMessagePut
[...]
    rt_cmsis.o(i.svcSemaphoreDelete) refers to rt_cmsis.o(i.rt_id2obj) for rt_id2obj
    rt_cmsis.o(i.svcSemaphoreDelete) refers to rt_semaphore.o(i.rt_sem_delete) for rt_sem_delete
    rt_cmsis.o(i.svcSemaphoreRelease) refers to rt_cmsis.o(i.rt_id2obj) for rt_id2obj
    rt_cmsis.o(i.svcSemaphoreRelease) refers to rt_semaphore.o(i.rt_sem_send) for rt_sem_send
    rt_cmsis.o(i.svcSemaphoreWait) refers to rt_cmsis.o(i.rt_id2obj) for rt_id2obj
    rt_cmsis.o(i.svcSemaphoreWait) refers to rt_cmsis.o(i.rt_ms2tick) for rt_ms2tick
    rt_cmsis.o(i.svcSemaphoreWait) refers to rt_semaphore.o(i.rt_sem_wait) for rt_sem_wait
    rt_cmsis.o(i.svcSignalClear) refers to rt_cmsis.o(i.rt_tid2ptcb) for rt_tid2ptcb
    rt_cmsis.o(i.svcSignalClear) refers to rt_event.o(i.rt_evt_clr) for rt_evt_clr
    rt_cmsis.o(i.svcSignalSet) refers to rt_cmsis.o(i.rt_tid2ptcb) for rt_tid2ptcb
    rt_cmsis.o(i.svcSignalSet) refers to rt_event.o(i.rt_evt_set) for rt_evt_set
    rt_cmsis.o(i.svcSignalWait) refers to rt_cmsis.o(i.rt_ms2tick) for rt_ms2tick
    rt_cmsis.o(i.svcSignalWait) refers to rt_event.o(i.rt_evt_wait) for rt_evt_wait
    rt_cmsis.o(i.svcSignalWait) refers to rt_task.o(.data) for os_tsk
    rt_cmsis.o(i.svcThreadCreate) refers to rt_memory.o(i.rt_alloc_mem) for rt_alloc_mem
    rt_cmsis.o(i.svcThreadCreate) refers to rt_task.o(i.rt_tsk_create) for rt_tsk_create
    rt_cmsis.o(i.svcThreadCreate) refers to rt_memory.o(i.rt_free_mem) for rt_free_mem
    rt_cmsis.o(i.svcThreadCreate) refers to rtx_conf_cm.o(.bss) for os_stack_mem
    rt_cmsis.o(i.svcThreadCreate) refers to rt_cmsis.o(i.osThreadExit) for osThreadExit
    rt_cmsis.o(i.svcThreadGetId) refers to rt_task.o(i.rt_tsk_self) for rt_tsk_self
    rt_cmsis.o(i.svcThreadGetId) refers to rtx_conf_cm.o(.bss) for os_active_TCB
    rt_cmsis.o(i.svcThreadGetPriority) refers to rt_cmsis.o(i.rt_tid2ptcb) for rt_tid2ptcb
    rt_cmsis.o(i.svcThreadSetPriority) refers to rt_cmsis.o(i.rt_tid2ptcb) for rt_tid2ptcb
    rt_cmsis.o(i.svcThreadSetPriority) refers to rt_task.o(i.rt_tsk_prio) for rt_tsk_prio
    rt_cmsis.o(i.svcThreadTerminate) refers to rt_cmsis.o(i.rt_tid2ptcb) for rt_tid2ptcb
    rt_cmsis.o(i.svcThreadTerminate) refers to rt_task.o(i.rt_tsk_delete) for rt_tsk_delete
    rt_cmsis.o(i.svcThreadTerminate) refers to rt_memory.o(i.rt_free_mem) for rt_free_mem
    rt_cmsis.o(i.svcThreadTerminate) refers to rtx_conf_cm.o(.bss) for os_stack_mem
    rt_cmsis.o(i.svcThreadYield) refers to rt_task.o(i.rt_tsk_pass) for rt_tsk_pass
    rt_cmsis.o(i.svcTimerCall) refers to rt_cmsis.o(i.rt_id2obj) for rt_id2obj
    rt_cmsis.o(i.svcTimerCreate) refers to rtx_conf_cm.o(.data) for osThreadId_osTimerThread
    rt_cmsis.o(i.svcTimerDelete) refers to rt_cmsis.o(i.rt_id2obj) for rt_id2obj
    rt_cmsis.o(i.svcTimerDelete) refers to rt_cmsis.o(i.rt_timer_remove) for rt_timer_remove
    rt_cmsis.o(i.svcTimerStart) refers to rt_cmsis.o(i.rt_id2obj) for rt_id2obj
    rt_cmsis.o(i.svcTimerStart) refers to uldiv.o(.text) for __aeabi_uldivmod
    rt_cmsis.o(i.svcTimerStart) refers to rt_cmsis.o(i.rt_timer_remove) for rt_timer_remove
    rt_cmsis.o(i.svcTimerStart) refers to rt_cmsis.o(i.rt_timer_insert) for rt_timer_insert
    rt_cmsis.o(i.svcTimerStart) refers to rtx_conf_cm.o(.constdata) for os_clockrate
    rt_cmsis.o(i.svcTimerStop) refers to rt_cmsis.o(i.rt_id2obj) for rt_id2obj
    rt_cmsis.o(i.svcTimerStop) refers to rt_cmsis.o(i.rt_timer_remove) for rt_timer_remove
    rt_cmsis.o(i.sysMailAlloc) refers to rt_membox.o(i.rt_alloc_box) for rt_alloc_box
    rt_cmsis.o(i.sysMailAlloc) refers to rt_list.o(i.rt_put_prio) for rt_put_prio
    rt_cmsis.o(i.sysMailAlloc) refers to rt_cmsis.o(i.rt_ms2tick) for rt_ms2tick
    rt_cmsis.o(i.sysMailAlloc) refers to rt_task.o(i.rt_block) for rt_block
    rt_cmsis.o(i.sysMailAlloc) refers to rt_task.o(.data) for os_tsk
    rt_cmsis.o(i.sysMailFree) refers to rt_membox.o(i.rt_free_box) for rt_free_box
    rt_cmsis.o(i.sysMailFree) refers to rt_list.o(i.rt_psq_enq) for rt_psq_enq
    rt_cmsis.o(i.sysMailFree) refers to rt_system.o(i.rt_psh_req) for rt_psh_req
    rt_cmsis.o(i.sysMailFree) refers to rt_membox.o(i.rt_alloc_box) for rt_alloc_box
    rt_cmsis.o(i.sysMailFree) refers to rt_list.o(i.rt_get_first) for rt_get_first
    rt_cmsis.o(i.sysMailFree) refers to hal_cm.o(i.rt_ret_val) for rt_ret_val
    rt_cmsis.o(i.sysMailFree) refers to rt_list.o(i.rt_rmv_dly) for rt_rmv_dly
    rt_cmsis.o(i.sysMailFree) refers to rt_task.o(i.rt_dispatch) for rt_dispatch
    rt_cmsis.o(i.sysPoolAlloc) refers to rt_membox.o(i.rt_alloc_box) for rt_alloc_box
    rt_cmsis.o(i.sysPoolFree) refers to rt_membox.o(i.rt_free_box) for rt_free_box
    rt_cmsis.o(i.sysTimerTick) refers to rt_cmsis.o(i.isrMessagePut) for isrMessagePut
    rt_cmsis.o(i.sysTimerTick) refers to rtx_conf_cm.o(.text) for os_error
    rt_cmsis.o(i.sysTimerTick) refers to rt_cmsis.o(i.rt_timer_insert) for rt_timer_insert
    rt_cmsis.o(i.sysTimerTick) refers to rt_cmsis.o(.data) for .data
    rt_cmsis.o(i.sysTimerTick) refers to rtx_conf_cm.o(.data) for osMessageQId_osTimerMessageQ
    rt_cmsis.o(i.sysUserTimerUpdate) refers to rt_cmsis.o(i.sysTimerTick) for sysTimerTick
    rt_cmsis.o(i.sysUserTimerUpdate) refers to rt_cmsis.o(.data) for .data
    rt_cmsis.o(i.sysUserTimerWakeupTime) refers to rt_cmsis.o(.data) for .data
    rt_task.o(i.rt_block) refers to rt_list.o(i.rt_put_dly) for rt_put_dly
    rt_task.o(i.rt_block) refers to rt_list.o(i.rt_get_first) for rt_get_first
    rt_task.o(i.rt_block) refers to rt_task.o(i.rt_switch_req) for rt_switch_req
    rt_task.o(i.rt_block) refers to rt_task.o(.data) for .data
    rt_task.o(i.rt_block) refers to rt_list.o(.bss) for os_rdy
    rt_task.o(i.rt_dispatch) refers to rt_list.o(i.rt_put_rdy_first) for rt_put_rdy_first
    rt_task.o(i.rt_dispatch) refers to rt_task.o(i.rt_switch_req) for rt_switch_req
    rt_task.o(i.rt_dispatch) refers to rt_list.o(i.rt_get_first) for rt_get_first
    rt_task.o(i.rt_dispatch) refers to rt_list.o(i.rt_put_prio) for rt_put_prio
    rt_task.o(i.rt_dispatch) refers to rt_task.o(.data) for .data
    rt_task.o(i.rt_dispatch) refers to rt_list.o(.bss) for os_rdy
    rt_task.o(i.rt_init_context) refers to rt_membox.o(i.rt_alloc_box) for rt_alloc_box
    rt_task.o(i.rt_init_context) refers to hal_cm.o(i.rt_init_stack) for rt_init_stack
    rt_task.o(i.rt_init_context) refers to rtx_conf_cm.o(.bss) for mp_stk
    rt_task.o(i.rt_switch_req) refers to hal_cm.o(i.dbg_task_switch) for dbg_task_switch
    rt_task.o(i.rt_switch_req) refers to rt_task.o(.data) for .data
    rt_task.o(i.rt_switch_req) refers to hal_cm.o(.data) for dbg_msg
    rt_task.o(i.rt_sys_init) refers to hal_cm.o(i.dbg_init) for dbg_init
    rt_task.o(i.rt_sys_init) refers to rt_membox.o(i._init_box) for _init_box
    rt_task.o(i.rt_sys_init) refers to rt_task.o(i.rt_init_context) for rt_init_context
    rt_task.o(i.rt_sys_init) refers to rt_robin.o(i.rt_init_robin) for rt_init_robin
    rt_task.o(i.rt_sys_init) refers to rtx_conf_cm.o(.bss) for os_active_TCB
    rt_task.o(i.rt_sys_init) refers to rtx_conf_cm.o(.constdata) for os_maxtaskrun
    rt_task.o(i.rt_sys_init) refers to rtx_conf_cm.o(.data) for m_tmr
    rt_task.o(i.rt_sys_init) refers to rt_task.o(.bss) for .bss
    rt_task.o(i.rt_sys_init) refers to rtx_conf_cm.o(.text) for os_idle_demon
    rt_task.o(i.rt_sys_init) refers to rt_list.o(.bss) for os_rdy
    rt_task.o(i.rt_sys_init) refers to rt_task.o(.data) for .data
    rt_task.o(i.rt_sys_start) refers to rt_system.o(i.os_tick_init) for os_tick_init
    rt_task.o(i.rt_sys_start) refers to rt_system.o(.data) for os_tick_irqn
    rt_task.o(i.rt_tsk_create) refers to rt_membox.o(i.rt_alloc_box) for rt_alloc_box
    rt_task.o(i.rt_tsk_create) refers to rt_task.o(i.rt_init_context) for rt_init_context
    rt_task.o(i.rt_tsk_create) refers to hal_cm.o(i.dbg_task_notify) for dbg_task_notify
    rt_task.o(i.rt_tsk_create) refers to rt_task.o(i.rt_dispatch) for rt_dispatch
    rt_task.o(i.rt_tsk_create) refers to rtx_conf_cm.o(.bss) for mp_tcb
    rt_task.o(i.rt_tsk_create) refers to rtx_conf_cm.o(.constdata) for os_maxtaskrun
    rt_task.o(i.rt_tsk_create) refers to hal_cm.o(.data) for dbg_msg
    rt_task.o(i.rt_tsk_delete) refers to hal_cm3.o(.emb_text) for rt_get_PSP
    rt_task.o(i.rt_tsk_delete) refers to rt_system.o(i.rt_stk_check) for rt_stk_check
    rt_task.o(i.rt_tsk_delete) refers to rt_list.o(i.rt_get_first) for rt_get_first
    rt_task.o(i.rt_tsk_delete) refers to hal_cm.o(i.rt_ret_val) for rt_ret_val
    rt_task.o(i.rt_tsk_delete) refers to rt_list.o(i.rt_rmv_dly) for rt_rmv_dly
    rt_task.o(i.rt_tsk_delete) refers to rt_list.o(i.rt_put_prio) for rt_put_prio
    rt_task.o(i.rt_tsk_delete) refers to rt_membox.o(i.rt_free_box) for rt_free_box
    rt_task.o(i.rt_tsk_delete) refers to hal_cm.o(i.dbg_task_notify) for dbg_task_notify
    rt_task.o(i.rt_tsk_delete) refers to rt_list.o(i.rt_rmv_list) for rt_rmv_list
    rt_task.o(i.rt_tsk_delete) refers to rt_task.o(i.rt_dispatch) for rt_dispatch
    rt_task.o(i.rt_tsk_delete) refers to hal_cm.o(.data) for dbg_msg
    rt_task.o(i.rt_tsk_delete) refers to rtx_conf_cm.o(.bss) for os_active_TCB
    rt_task.o(i.rt_tsk_delete) refers to rt_task.o(.data) for .data
    rt_task.o(i.rt_tsk_delete) refers to rt_list.o(.bss) for os_rdy
    rt_task.o(i.rt_tsk_delete) refers to rtx_conf_cm.o(.constdata) for os_maxtaskrun
    rt_task.o(i.rt_tsk_pass) refers to rt_list.o(i.rt_get_same_rdy_prio) for rt_get_same_rdy_prio
    rt_task.o(i.rt_tsk_pass) refers to rt_list.o(i.rt_put_prio) for rt_put_prio
    rt_task.o(i.rt_tsk_pass) refers to rt_task.o(i.rt_switch_req) for rt_switch_req
    rt_task.o(i.rt_tsk_pass) refers to rt_task.o(.data) for .data
    rt_task.o(i.rt_tsk_pass) refers to rt_list.o(.bss) for os_rdy
    rt_task.o(i.rt_tsk_prio) refers to rt_list.o(i.rt_put_prio) for rt_put_prio
    rt_task.o(i.rt_tsk_prio) refers to rt_list.o(i.rt_resort_prio) for rt_resort_prio
    rt_task.o(i.rt_tsk_prio) refers to rt_list.o(i.rt_get_first) for rt_get_first
    rt_task.o(i.rt_tsk_prio) refers to rt_task.o(i.rt_dispatch) for rt_dispatch
    rt_task.o(i.rt_tsk_prio) refers to rt_task.o(.data) for .data
    rt_task.o(i.rt_tsk_prio) refers to rtx_conf_cm.o(.constdata) for os_maxtaskrun
    rt_task.o(i.rt_tsk_prio) refers to rtx_conf_cm.o(.bss) for os_active_TCB
    rt_task.o(i.rt_tsk_prio) refers to rt_list.o(.bss) for os_rdy
    rt_task.o(i.rt_tsk_self) refers to rt_task.o(.data) for .data
    rt_system.o(i.os_tick_init) refers to rtx_conf_cm.o(.constdata) for os_trv
    rt_system.o(i.os_tick_val) refers to rtx_conf_cm.o(.constdata) for os_trv
    rt_system.o(i.rt_pop_req) refers to rt_list.o(i.rt_put_rdy_first) for rt_put_rdy_first
    rt_system.o(i.rt_pop_req) refers to rt_semaphore.o(i.rt_sem_psh) for rt_sem_psh
    rt_system.o(i.rt_pop_req) refers to rt_list.o(i.rt_get_first) for rt_get_first
    rt_system.o(i.rt_pop_req) refers to rt_task.o(i.rt_switch_req) for rt_switch_req
    rt_system.o(i.rt_pop_req) refers to rt_event.o(i.rt_evt_psh) for rt_evt_psh
    rt_system.o(i.rt_pop_req) refers to rt_mailbox.o(i.rt_mbx_psh) for rt_mbx_psh
    rt_system.o(i.rt_pop_req) refers to rt_task.o(.data) for os_tsk
    rt_system.o(i.rt_pop_req) refers to rtx_conf_cm.o(.bss) for os_fifo
    rt_system.o(i.rt_pop_req) refers to rt_list.o(.bss) for os_rdy
    rt_system.o(i.rt_psh_req) refers to rt_system.o(.data) for .data
    rt_system.o(i.rt_resume) refers to rt_list.o(i.rt_put_rdy_first) for rt_put_rdy_first
    rt_system.o(i.rt_resume) refers to rt_list.o(i.rt_dec_dly) for rt_dec_dly
    rt_system.o(i.rt_resume) refers to rt_cmsis.o(i.sysUserTimerUpdate) for sysUserTimerUpdate
    rt_system.o(i.rt_resume) refers to rt_list.o(i.rt_get_first) for rt_get_first
    rt_system.o(i.rt_resume) refers to rt_task.o(i.rt_switch_req) for rt_switch_req
    rt_system.o(i.rt_resume) refers to rt_system.o(i.rt_tsk_unlock) for rt_tsk_unlock
    rt_system.o(i.rt_resume) refers to rt_task.o(.data) for os_tsk
    rt_system.o(i.rt_resume) refers to rt_robin.o(.data) for os_robin
    rt_system.o(i.rt_resume) refers to rt_list.o(.bss) for os_dly
    rt_system.o(i.rt_resume) refers to rt_time.o(.data) for os_time
    rt_system.o(i.rt_stk_check) refers to rtx_conf_cm.o(.text) for os_error
    rt_system.o(i.rt_stk_check) refers to rt_task.o(.data) for os_tsk
    rt_system.o(i.rt_suspend) refers to rt_system.o(i.rt_tsk_lock) for rt_tsk_lock
    rt_system.o(i.rt_suspend) refers to rt_cmsis.o(i.sysUserTimerWakeupTime) for sysUserTimerWakeupTime
    rt_system.o(i.rt_suspend) refers to rt_list.o(.bss) for os_dly
    rt_system.o(i.rt_systick) refers to rt_list.o(i.rt_put_rdy_first) for rt_put_rdy_first
    rt_system.o(i.rt_systick) refers to rt_robin.o(i.rt_chk_robin) for rt_chk_robin
    rt_system.o(i.rt_systick) refers to rt_list.o(i.rt_dec_dly) for rt_dec_dly
    rt_system.o(i.rt_systick) refers to rt_cmsis.o(i.sysTimerTick) for sysTimerTick
    rt_system.o(i.rt_systick) refers to rt_list.o(i.rt_get_first) for rt_get_first
    rt_system.o(i.rt_systick) refers to rt_task.o(i.rt_switch_req) for rt_switch_req
    rt_system.o(i.rt_systick) refers to rt_task.o(.data) for os_tsk
    rt_system.o(i.rt_systick) refers to rt_time.o(.data) for os_time
    rt_system.o(i.rt_systick) refers to rt_list.o(.bss) for os_rdy
    rt_system.o(i.rt_tsk_lock) refers to rt_system.o(.data) for .data
    rt_system.o(i.rt_tsk_unlock) refers to rt_system.o(.data) for .data
    rt_event.o(i.isr_evt_set) refers to rt_list.o(i.rt_psq_enq) for rt_psq_enq
    rt_event.o(i.isr_evt_set) refers to rt_system.o(i.rt_psh_req) for rt_psh_req
    rt_event.o(i.isr_evt_set) refers to rtx_conf_cm.o(.bss) for os_active_TCB
    rt_event.o(i.rt_evt_clr) refers to rtx_conf_cm.o(.bss) for os_active_TCB
    rt_event.o(i.rt_evt_get) refers to rt_task.o(.data) for os_tsk
    rt_event.o(i.rt_evt_psh) refers to rt_list.o(i.rt_rmv_dly) for rt_rmv_dly
    rt_event.o(i.rt_evt_psh) refers to hal_cm.o(i.rt_ret_val2) for rt_ret_val2
    rt_event.o(i.rt_evt_psh) refers to rt_list.o(i.rt_put_prio) for rt_put_prio
    rt_event.o(i.rt_evt_psh) refers to rt_list.o(.bss) for os_rdy
    rt_event.o(i.rt_evt_set) refers to rt_list.o(i.rt_rmv_dly) for rt_rmv_dly
    rt_event.o(i.rt_evt_set) refers to hal_cm.o(i.rt_ret_val2) for rt_ret_val2
    rt_event.o(i.rt_evt_set) refers to rt_task.o(i.rt_dispatch) for rt_dispatch
    rt_event.o(i.rt_evt_set) refers to rtx_conf_cm.o(.bss) for os_active_TCB
    rt_event.o(i.rt_evt_wait) refers to rt_task.o(i.rt_block) for rt_block
    rt_event.o(i.rt_evt_wait) refers to rt_task.o(.data) for os_tsk
    rt_list.o(i.rt_dec_dly) refers to rt_list.o(i.rt_put_prio) for rt_put_prio
    rt_list.o(i.rt_dec_dly) refers to rt_list.o(.bss) for .bss
    rt_list.o(i.rt_dec_dly) refers to rt_time.o(.data) for os_time
    rt_list.o(i.rt_get_same_rdy_prio) refers to rt_list.o(.bss) for .bss
    rt_list.o(i.rt_get_same_rdy_prio) refers to rt_task.o(.data) for os_tsk
    rt_list.o(i.rt_psq_enq) refers to rtx_conf_cm.o(.text) for os_error
    rt_list.o(i.rt_psq_enq) refers to rtx_conf_cm.o(.bss) for os_fifo
    rt_list.o(i.rt_put_dly) refers to rt_list.o(.bss) for .bss
    rt_list.o(i.rt_put_rdy_first) refers to rt_list.o(.bss) for .bss
    rt_list.o(i.rt_resort_prio) refers to rt_list.o(i.rt_rmv_list) for rt_rmv_list
    rt_list.o(i.rt_resort_prio) refers to rt_list.o(i.rt_put_prio) for rt_put_prio
    rt_list.o(i.rt_resort_prio) refers to rt_list.o(.bss) for .bss
    rt_list.o(i.rt_rmv_list) refers to rt_list.o(.bss) for .bss
    rt_mailbox.o(i.isr_mbx_receive) refers to rt_list.o(i.rt_psq_enq) for rt_psq_enq
    rt_mailbox.o(i.isr_mbx_receive) refers to rt_system.o(i.rt_psh_req) for rt_psh_req
    rt_mailbox.o(i.isr_mbx_send) refers to rt_list.o(i.rt_psq_enq) for rt_psq_enq
    rt_mailbox.o(i.isr_mbx_send) refers to rt_system.o(i.rt_psh_req) for rt_psh_req
    rt_mailbox.o(i.rt_mbx_psh) refers to rt_membox.o(i.rt_alloc_box) for rt_alloc_box
    rt_mailbox.o(i.rt_mbx_psh) refers to rt_list.o(i.rt_get_first) for rt_get_first
    rt_mailbox.o(i.rt_mbx_psh) refers to hal_cm.o(i.rt_ret_val) for rt_ret_val
    rt_mailbox.o(i.rt_mbx_psh) refers to rt_list.o(i.rt_rmv_dly) for rt_rmv_dly
    rt_mailbox.o(i.rt_mbx_psh) refers to rt_list.o(i.rt_put_prio) for rt_put_prio
    rt_mailbox.o(i.rt_mbx_psh) refers to hal_cm.o(i.rt_ret_val2) for rt_ret_val2
    rt_mailbox.o(i.rt_mbx_psh) refers to rtx_conf_cm.o(.text) for os_error
    rt_mailbox.o(i.rt_mbx_psh) refers to rt_list.o(.bss) for os_rdy
    rt_mailbox.o(i.rt_mbx_send) refers to rt_list.o(i.rt_put_prio) for rt_put_prio
    rt_mailbox.o(i.rt_mbx_send) refers to rt_list.o(i.rt_get_first) for rt_get_first
    rt_mailbox.o(i.rt_mbx_send) refers to hal_cm.o(i.rt_ret_val2) for rt_ret_val2
    rt_mailbox.o(i.rt_mbx_send) refers to rt_list.o(i.rt_rmv_dly) for rt_rmv_dly
    rt_mailbox.o(i.rt_mbx_send) refers to rt_task.o(i.rt_dispatch) for rt_dispatch
    rt_mailbox.o(i.rt_mbx_send) refers to rt_task.o(i.rt_block) for rt_block
    rt_mailbox.o(i.rt_mbx_send) refers to rt_task.o(.data) for os_tsk
    rt_mailbox.o(i.rt_mbx_wait) refers to rt_list.o(i.rt_get_first) for rt_get_first
    rt_mailbox.o(i.rt_mbx_wait) refers to hal_cm.o(i.rt_ret_val) for rt_ret_val
    rt_mailbox.o(i.rt_mbx_wait) refers to rt_list.o(i.rt_rmv_dly) for rt_rmv_dly
    rt_mailbox.o(i.rt_mbx_wait) refers to rt_task.o(i.rt_dispatch) for rt_dispatch
    rt_mailbox.o(i.rt_mbx_wait) refers to rt_list.o(i.rt_put_prio) for rt_put_prio
    rt_mailbox.o(i.rt_mbx_wait) refers to rt_task.o(i.rt_block) for rt_block
    rt_mailbox.o(i.rt_mbx_wait) refers to rt_task.o(.data) for os_tsk
    rt_semaphore.o(i.isr_sem_send) refers to rt_list.o(i.rt_psq_enq) for rt_psq_enq
    rt_semaphore.o(i.isr_sem_send) refers to rt_system.o(i.rt_psh_req) for rt_psh_req
    rt_semaphore.o(i.rt_sem_delete) refers to rt_list.o(i.rt_get_first) for rt_get_first
    rt_semaphore.o(i.rt_sem_delete) refers to hal_cm.o(i.rt_ret_val) for rt_ret_val
    rt_semaphore.o(i.rt_sem_delete) refers to rt_list.o(i.rt_rmv_dly) for rt_rmv_dly
    rt_semaphore.o(i.rt_sem_delete) refers to rt_list.o(i.rt_put_prio) for rt_put_prio
    rt_semaphore.o(i.rt_sem_delete) refers to rt_task.o(i.rt_dispatch) for rt_dispatch
    rt_semaphore.o(i.rt_sem_delete) refers to rt_list.o(.bss) for os_rdy
    rt_semaphore.o(i.rt_sem_delete) refers to rt_task.o(.data) for os_tsk
    rt_semaphore.o(i.rt_sem_psh) refers to rt_list.o(i.rt_get_first) for rt_get_first
    rt_semaphore.o(i.rt_sem_psh) refers to rt_list.o(i.rt_rmv_dly) for rt_rmv_dly
    rt_semaphore.o(i.rt_sem_psh) refers to hal_cm.o(i.rt_ret_val) for rt_ret_val
    rt_semaphore.o(i.rt_sem_psh) refers to rt_list.o(i.rt_put_prio) for rt_put_prio
    rt_semaphore.o(i.rt_sem_psh) refers to rt_list.o(.bss) for os_rdy
    rt_semaphore.o(i.rt_sem_send) refers to rt_list.o(i.rt_get_first) for rt_get_first
    rt_semaphore.o(i.rt_sem_send) refers to hal_cm.o(i.rt_ret_val) for rt_ret_val
    rt_semaphore.o(i.rt_sem_send) refers to rt_list.o(i.rt_rmv_dly) for rt_rmv_dly
    rt_semaphore.o(i.rt_sem_send) refers to rt_task.o(i.rt_dispatch) for rt_dispatch
    rt_semaphore.o(i.rt_sem_wait) refers to rt_list.o(i.rt_put_prio) for rt_put_prio
    rt_semaphore.o(i.rt_sem_wait) refers to rt_task.o(i.rt_block) for rt_block
    rt_semaphore.o(i.rt_sem_wait) refers to rt_task.o(.data) for os_tsk
    rt_time.o(i.rt_dly_wait) refers to rt_task.o(i.rt_block) for rt_block
    rt_time.o(i.rt_itv_set) refers to rt_task.o(.data) for os_tsk
    rt_time.o(i.rt_itv_set) refers to rt_time.o(.data) for .data
    rt_time.o(i.rt_itv_wait) refers to rt_task.o(i.rt_block) for rt_block
    rt_time.o(i.rt_itv_wait) refers to rt_task.o(.data) for os_tsk
    rt_time.o(i.rt_itv_wait) refers to rt_time.o(.data) for .data
    rt_time.o(i.rt_time_get) refers to rt_time.o(.data) for .data
    rt_mutex.o(i.rt_mut_delete) refers to rt_list.o(i.rt_resort_prio) for rt_resort_prio
    rt_mutex.o(i.rt_mut_delete) refers to rt_list.o(i.rt_get_first) for rt_get_first
    rt_mutex.o(i.rt_mut_delete) refers to hal_cm.o(i.rt_ret_val) for rt_ret_val
    rt_mutex.o(i.rt_mut_delete) refers to rt_list.o(i.rt_rmv_dly) for rt_rmv_dly
    rt_mutex.o(i.rt_mut_delete) refers to rt_list.o(i.rt_put_prio) for rt_put_prio
    rt_mutex.o(i.rt_mut_delete) refers to rt_task.o(i.rt_dispatch) for rt_dispatch
    rt_mutex.o(i.rt_mut_delete) refers to rt_task.o(.data) for os_tsk
    rt_mutex.o(i.rt_mut_delete) refers to rt_list.o(.bss) for os_rdy
    rt_mutex.o(i.rt_mut_release) refers to rt_list.o(i.rt_get_first) for rt_get_first
    rt_mutex.o(i.rt_mut_release) refers to hal_cm.o(i.rt_ret_val) for rt_ret_val
    rt_mutex.o(i.rt_mut_release) refers to rt_list.o(i.rt_rmv_dly) for rt_rmv_dly
    rt_mutex.o(i.rt_mut_release) refers to rt_list.o(i.rt_put_prio) for rt_put_prio
    rt_mutex.o(i.rt_mut_release) refers to rt_task.o(i.rt_dispatch) for rt_dispatch
    rt_mutex.o(i.rt_mut_release) refers to rt_task.o(.data) for os_tsk
    rt_mutex.o(i.rt_mut_release) refers to rt_list.o(.bss) for os_rdy
    rt_mutex.o(i.rt_mut_wait) refers to rt_list.o(i.rt_resort_prio) for rt_resort_prio
    rt_mutex.o(i.rt_mut_wait) refers to rt_list.o(i.rt_put_prio) for rt_put_prio
    rt_mutex.o(i.rt_mut_wait) refers to rt_task.o(i.rt_block) for rt_block
    rt_mutex.o(i.rt_mut_wait) refers to rt_task.o(.data) for os_tsk
    rt_membox.o(i._calloc_box) refers to hal_cm3.o(.emb_text) for _alloc_box
    hal_cm.o(i.dbg_init) refers to hal_cm.o(.data) for .data
    hal_cm.o(i.rt_init_stack) refers to rtx_conf_cm.o(.constdata) for os_stackinfo
    rt_robin.o(i.rt_chk_robin) refers to rt_list.o(i.rt_get_first) for rt_get_first
    rt_robin.o(i.rt_chk_robin) refers to rt_list.o(i.rt_put_prio) for rt_put_prio
    rt_robin.o(i.rt_chk_robin) refers to rt_robin.o(.data) for .data
    rt_robin.o(i.rt_chk_robin) refers to rt_list.o(.bss) for os_rdy
    rt_robin.o(i.rt_chk_robin) refers to rt_time.o(.data) for os_time
    rt_robin.o(i.rt_init_robin) refers to rt_robin.o(.data) for .data
    rt_robin.o(i.rt_init_robin) refers to rtx_conf_cm.o(.constdata) for os_rrobin
    hal_cm3.o(.emb_text) refers to rtx_conf_cm.o(.constdata) for os_flags
    hal_cm3.o(.emb_text) refers to rt_membox.o(i.rt_alloc_box) for rt_alloc_box
    hal_cm3.o(.emb_text) refers to rt_membox.o(i.rt_free_box) for rt_free_box
    hal_cm3.o(.emb_text) refers to rt_system.o(i.rt_stk_check) for rt_stk_check
    hal_cm3.o(.emb_text) refers to rt_task.o(.data) for os_tsk
    hal_cm3.o(.emb_text) refers to svc_table.o(SVC_TABLE) for SVC_Count
    hal_cm3.o(.emb_text) refers to rt_system.o(i.rt_pop_req) for rt_pop_req
    hal_cm3.o(.emb_text) refers to rt_system.o(i.rt_systick) for rt_systick
    hal_cm3.o(.emb_text) refers to rt_system.o(i.os_tick_irqack) for os_tick_irqack
    entry.o(.ARM.Collect$$$$00000000) refers (Special) to entry10a.o(.ARM.Collect$$$$0000000D) for __rt_final_cpp
    entry.o(.ARM.Collect$$$$00000000) refers (Special) to entry11a.o(.ARM.Collect$$$$0000000F) for __rt_final_exit
    entry.o(.ARM.Collect$$$$00000000) refers (Special) to entry7b.o(.ARM.Collect$$$$00000008) for _main_clock
    entry.o(.ARM.Collect$$$$00000000) refers (Special) to entry8b.o(.ARM.Collect$$$$0000000A) for _main_cpp_init
    entry.o(.ARM.Collect$$$$00000000) refers (Special) to rtx_conf_cm.o(.ARM.Collect$$$$000000FF) for _main_init
    entry.o(.ARM.Collect$$$$00000000) refers (Special) to entry5.o(.ARM.Collect$$$$00000004) for _main_scatterload
    entry.o(.ARM.Collect$$$$00000000) refers (Special) to entry2.o(.ARM.Collect$$$$00000001) for _main_stk
    uldiv.o(.text) refers to llushr.o(.text) for __aeabi_llsr
    uldiv.o(.text) refers to llshl.o(.text) for __aeabi_llsl
    entry2.o(.ARM.Collect$$$$00000001) refers to entry2.o(.ARM.Collect$$$$00002712) for __lit__00000000
    entry2.o(.ARM.Collect$$$$00002712) refers to startup_lpc17xx.o(STACK) for __initial_sp
    entry2.o(__vectab_stack_and_reset_area) refers to startup_lpc17xx.o(STACK) for __initial_sp
    entry2.o(__vectab_stack_and_reset_area) refers to entry.o(.ARM.Collect$$$$00000000) for __main
    entry5.o(.ARM.Collect$$$$00000004) refers to init.o(.text) for __scatterload
    init.o(.text) refers to entry5.o(.ARM.Collect$$$$00000004) for __main_after_scatterload


==============================================================================

Removing Unused input sections from the image.

    Removing led_lpc1768.o(.rev16_text), (4 bytes).
    Removing led_lpc1768.o(.revsh_text), (4 bytes).
    Removing led_lpc1768.o(.rrx_text), (6 bytes).
    Removing i2c_lpc17xx.o(.rev16_text), (4 bytes).
    Removing i2c_lpc17xx.o(.revsh_text), (4 bytes).
    Removing i2c_lpc17xx.o(.rrx_text), (6 bytes).
    Removing gpio_lpc17xx.o(.rev16_text), (4 bytes).
    Removing gpio_lpc17xx.o(.revsh_text), (4 bytes).
    Removing gpio_lpc17xx.o(.rrx_text), (6 bytes).
    Removing pin_lpc17xx.o(.rev16_text), (4 bytes).
    Removing pin_lpc17xx.o(.revsh_text), (4 bytes).
    Removing pin_lpc17xx.o(.rrx_text), (6 bytes).
    Removing startup_lpc17xx.o(HEAP), (0 bytes).
    Removing system_lpc17xx.o(.rev16_text), (4 bytes).
    Removing system_lpc17xx.o(.revsh_text), (4 bytes).
    Removing system_lpc17xx.o(.rrx_text), (6 bytes).
    Removing rt_cmsis.o(.rev16_text), (4 bytes).
    Removing rt_cmsis.o(.revsh_text), (4 bytes).
    Removing rt_cmsis.o(.rrx_text), (6 bytes).
    Removing rt_cmsis.o(i.isrSemaphoreRelease), (40 bytes).
    Removing rt_cmsis.o(i.isrSignalSet), (36 bytes).
    Removing rt_cmsis.o(i.osKernelRunning), (36 bytes).
    Removing rt_cmsis.o(i.osKernelSysTick), (24 bytes).
    Removing rt_cmsis.o(i.osMailAlloc), (28 bytes).
    Removing rt_cmsis.o(i.osMailCAlloc), (48 bytes).
    Removing rt_cmsis.o(i.osMailCreate), (44 bytes).
    Removing rt_cmsis.o(i.osMailFree), (28 bytes).
    Removing rt_cmsis.o(i.osMailGet), (22 bytes).
    Removing rt_cmsis.o(i.osMailPut), (20 bytes).
    Removing rt_cmsis.o(i.osMessageCreate), (44 bytes).
    Removing rt_cmsis.o(i.osMessagePut), (24 bytes).
    Removing rt_cmsis.o(i.osMutexCreate), (44 bytes).
    Removing rt_cmsis.o(i.osMutexDelete), (24 bytes).
    Removing rt_cmsis.o(i.osMutexRelease), (24 bytes).
    Removing rt_cmsis.o(i.osMutexWait), (24 bytes).
    Removing rt_cmsis.o(i.osPoolAlloc), (32 bytes).
    Removing rt_cmsis.o(i.osPoolCAlloc), (52 bytes).
    Removing rt_cmsis.o(i.osPoolCreate), (44 bytes).
    Removing rt_cmsis.o(i.osPoolFree), (32 bytes).
    Removing rt_cmsis.o(i.osSemaphoreCreate), (44 bytes).
    Removing rt_cmsis.o(i.osSemaphoreDelete), (24 bytes).
    Removing rt_cmsis.o(i.osSemaphoreRelease), (24 bytes).
    Removing rt_cmsis.o(i.osSemaphoreWait), (24 bytes).
    Removing rt_cmsis.o(i.osSignalClear), (24 bytes).
    Removing rt_cmsis.o(i.osSignalSet), (24 bytes).
    Removing rt_cmsis.o(i.osSignalWait), (24 bytes).
    Removing rt_cmsis.o(i.osThreadGetId), (24 bytes).
    Removing rt_cmsis.o(i.osThreadGetPriority), (24 bytes).
    Removing rt_cmsis.o(i.osThreadSetPriority), (24 bytes).
    Removing rt_cmsis.o(i.osThreadTerminate), (24 bytes).
    Removing rt_cmsis.o(i.osThreadYield), (24 bytes).
    Removing rt_cmsis.o(i.osTimerCreate), (44 bytes).
    Removing rt_cmsis.o(i.osTimerDelete), (24 bytes).
    Removing rt_cmsis.o(i.osTimerStart), (24 bytes).
    Removing rt_cmsis.o(i.osTimerStop), (24 bytes).
    Removing rt_cmsis.o(i.osWait), (4 bytes).
    Removing rt_cmsis.o(i.os_resume), (12 bytes).
    Removing rt_cmsis.o(i.os_suspend), (12 bytes).
    Removing rt_cmsis.o(i.rt_clr_box), (24 bytes).
    Removing rt_cmsis.o(i.rt_timer_remove), (60 bytes).
    Removing rt_cmsis.o(i.svcKernelRunning), (12 bytes).
    Removing rt_cmsis.o(i.svcKernelSysTick), (56 bytes).
    Removing rt_cmsis.o(i.svcMailCreate), (66 bytes).
    Removing rt_cmsis.o(i.svcMessagePut), (54 bytes).
    Removing rt_cmsis.o(i.svcMutexCreate), (28 bytes).
    Removing rt_cmsis.o(i.svcMutexDelete), (26 bytes).
    Removing rt_cmsis.o(i.svcMutexRelease), (34 bytes).
    Removing rt_cmsis.o(i.svcMutexWait), (58 bytes).
    Removing rt_cmsis.o(i.svcPoolCreate), (40 bytes).
    Removing rt_cmsis.o(i.svcSemaphoreCreate), (36 bytes).
    Removing rt_cmsis.o(i.svcSemaphoreDelete), (26 bytes).
    Removing rt_cmsis.o(i.svcSemaphoreRelease), (40 bytes).
    Removing rt_cmsis.o(i.svcSemaphoreWait), (50 bytes).
    Removing rt_cmsis.o(i.svcSignalClear), (36 bytes).
    Removing rt_cmsis.o(i.svcSignalSet), (36 bytes).
    Removing rt_cmsis.o(i.svcSignalWait), (84 bytes).
    Removing rt_cmsis.o(i.svcThreadGetPriority), (18 bytes).
    Removing rt_cmsis.o(i.svcThreadSetPriority), (46 bytes).
    Removing rt_cmsis.o(i.svcThreadYield), (10 bytes).
    Removing rt_cmsis.o(i.svcTimerCreate), (56 bytes).
    Removing rt_cmsis.o(i.svcTimerDelete), (40 bytes).
    Removing rt_cmsis.o(i.svcTimerStart), (100 bytes).
    Removing rt_cmsis.o(i.svcTimerStop), (36 bytes).
    Removing rt_cmsis.o(i.sysMailAlloc), (88 bytes).
    Removing rt_cmsis.o(i.sysMailFree), (96 bytes).
    Removing rt_cmsis.o(i.sysPoolAlloc), (10 bytes).
    Removing rt_cmsis.o(i.sysPoolFree), (20 bytes).
    Removing rt_cmsis.o(i.sysUserTimerUpdate), (48 bytes).
    Removing rt_cmsis.o(i.sysUserTimerWakeupTime), (20 bytes).
    Removing rt_task.o(i.rt_tsk_pass), (48 bytes).
    Removing rt_system.o(.emb_text), (0 bytes).
    Removing rt_system.o(i.os_tick_ovf), (16 bytes).
    Removing rt_system.o(i.os_tick_val), (20 bytes).
    Removing rt_system.o(i.rt_resume), (136 bytes).
    Removing rt_system.o(i.rt_suspend), (36 bytes).
    Removing rt_system.o(i.rt_tsk_lock), (80 bytes).
    Removing rt_system.o(i.rt_tsk_unlock), (80 bytes).
    Removing rt_event.o(i.isr_evt_set), (40 bytes).
    Removing rt_event.o(i.rt_evt_clr), (28 bytes).
    Removing rt_event.o(i.rt_evt_get), (12 bytes).
    Removing rt_event.o(i.rt_evt_set), (92 bytes).
    Removing rt_event.o(i.rt_evt_wait), (60 bytes).
    Removing rt_list.o(i.rt_get_same_rdy_prio), (36 bytes).
    Removing rt_mailbox.o(i.rt_mbx_send), (152 bytes).
    Removing rt_semaphore.o(i.isr_sem_send), (16 bytes).
    Removing rt_semaphore.o(i.rt_sem_delete), (92 bytes).
    Removing rt_semaphore.o(i.rt_sem_init), (12 bytes).
    Removing rt_semaphore.o(i.rt_sem_send), (42 bytes).
    Removing rt_semaphore.o(i.rt_sem_wait), (64 bytes).
    Removing rt_time.o(i.rt_itv_set), (24 bytes).
    Removing rt_time.o(i.rt_itv_wait), (40 bytes).
    Removing rt_time.o(i.rt_time_get), (12 bytes).
    Removing rt_mutex.o(i.rt_mut_delete), (176 bytes).
    Removing rt_mutex.o(i.rt_mut_init), (16 bytes).
    Removing rt_mutex.o(i.rt_mut_release), (216 bytes).
    Removing rt_mutex.o(i.rt_mut_wait), (120 bytes).
    Removing rt_membox.o(i._calloc_box), (30 bytes).

117 unused section(s) (total 4256 bytes) removed from the image.

==============================================================================

Image Symbol Table

    Local Symbols

    Symbol Name                              Value     Ov Type        Size  Object(Section)

    RESET                                    0x00000000   Section      204  startup_lpc17xx.o(RESET)
    ../clib/microlib/division.c              0x00000000   Number         0  uldiv.o ABSOLUTE
    ../clib/microlib/init/entry.s            0x00000000   Number         0  entry10b.o ABSOLUTE
    ../clib/microlib/init/entry.s            0x00000000   Number         0  entry.o ABSOLUTE
    ../clib/microlib/init/entry.s            0x00000000   Number         0  entry8a.o ABSOLUTE
    ../clib/microlib/init/entry.s            0x00000000   Number         0  entry8b.o ABSOLUTE
    ../clib/microlib/init/entry.s            0x00000000   Number         0  entry5.o ABSOLUTE
    ../clib/microlib/init/entry.s            0x00000000   Number         0  entry10a.o ABSOLUTE
    ../clib/microlib/init/entry.s            0x00000000   Number         0  entry11a.o ABSOLUTE
    ../clib/microlib/init/entry.s            0x00000000   Number         0  entry7a.o ABSOLUTE
    ../clib/microlib/init/entry.s            0x00000000   Number         0  entry11b.o ABSOLUTE
    ../clib/microlib/init/entry.s            0x00000000   Number         0  entry7b.o ABSOLUTE
    ../clib/microlib/init/entry.s            0x00000000   Number         0  entry2.o ABSOLUTE
    ../clib/microlib/longlong.c              0x00000000   Number         0  llushr.o ABSOLUTE
    ../clib/microlib/longlong.c              0x00000000   Number         0  llshl.o ABSOLUTE
    ../clib/microlib/string/memset.c         0x00000000   Number         0  memseta.o ABSOLUTE
    ..\HAL_CM.c                              0x00000000   Number         0  hal_cm.o ABSOLUTE
    ..\\rt_CMSIS.c                           0x00000000   Number         0  rt_cmsis.o ABSOLUTE
    ..\\rt_System.c                          0x00000000   Number         0  rt_system.o ABSOLUTE
    ..\rt_CMSIS.c                            0x00000000   Number         0  rt_cmsis.o ABSOLUTE
    ..\rt_Event.c                            0x00000000   Number         0  rt_event.o ABSOLUTE
    ..\rt_List.c                             0x00000000   Number         0  rt_list.o ABSOLUTE
    ..\rt_Mailbox.c                          0x00000000   Number         0  rt_mailbox.o ABSOLUTE
    ..\rt_MemBox.c                           0x00000000   Number         0  rt_membox.o ABSOLUTE
    ..\rt_Memory.c                           0x00000000   Number         0  rt_memory.o ABSOLUTE
    ..\rt_Mutex.c                            0x00000000   Number         0  rt_mutex.o ABSOLUTE
    ..\rt_Robin.c                            0x00000000   Number         0  rt_robin.o ABSOLUTE
    ..\rt_Semaphore.c                        0x00000000   Number         0  rt_semaphore.o ABSOLUTE
    ..\rt_System.c                           0x00000000   Number         0  rt_system.o ABSOLUTE
    ..\rt_Task.c                             0x00000000   Number         0  rt_task.o ABSOLUTE
    ..\rt_Time.c                             0x00000000   Number         0  rt_time.o ABSOLUTE
    C:\Users\crisa\AppData\Local\Arm\Packs\Keil\LPC1700_DFP\2.6.0\RTE_Driver\GPIO_LPC17xx.c 0x00000000   Number         0  gpio_lpc17xx.o ABSOLUTE
    C:\Users\crisa\AppData\Local\Arm\Packs\Keil\LPC1700_DFP\2.6.0\RTE_Driver\I2C_LPC17xx.c 0x00000000   Number         0  i2c_lpc17xx.o ABSOLUTE
    C:\Users\crisa\AppData\Local\Arm\Packs\Keil\LPC1700_DFP\2.6.0\RTE_Driver\PIN_LPC17xx.c 0x00000000   Number         0  pin_lpc17xx.o ABSOLUTE
    C:\\Users\\crisa\\AppData\\Local\\Arm\\Packs\\Keil\\LPC1700_DFP\\2.6.0\\RTE_Driver\\GPIO_LPC17xx.c 0x00000000   Number         0  gpio_lpc17xx.o ABSOLUTE
    C:\\Users\\crisa\\AppData\\Local\\Arm\\Packs\\Keil\\LPC1700_DFP\\2.6.0\\RTE_Driver\\I2C_LPC17xx.c 0x00000000   Number         0  i2c_lpc17xx.o ABSOLUTE
    C:\\Users\\crisa\\AppData\\Local\\Arm\\Packs\\Keil\\LPC1700_DFP\\2.6.0\\RTE_Driver\\PIN_LPC17xx.c 0x00000000   Number         0  pin_lpc17xx.o ABSOLUTE
    HAL_CM3.c                                0x00000000   Number         0  hal_cm3.o ABSOLUTE
    HAL_CM3.c                                0x00000000   Number         0  hal_cm3.o ABSOLUTE
    I2C_slave.c                              0x00000000   Number         0  i2c_slave.o ABSOLUTE
    LED_LPC1768.c                            0x00000000   Number         0  led_lpc1768.o ABSOLUTE
    LED_LPC1768.c                            0x00000000   Number         0  led_lpc1768.o ABSOLUTE
    RTE\CMSIS\RTX_Conf_CM.c                  0x00000000   Number         0  rtx_conf_cm.o ABSOLUTE
    RTE\Device\LPC1768\startup_LPC17xx.s     0x00000000   Number         0  startup_lpc17xx.o ABSOLUTE
    RTE\Device\LPC1768\system_LPC17xx.c      0x00000000   Number         0  system_lpc17xx.o ABSOLUTE
    RTE\\Device\\LPC1768\\system_LPC17xx.c   0x00000000   Number         0  system_lpc17xx.o ABSOLUTE
    SVC_Table.s                              0x00000000   Number         0  svc_table.o ABSOLUTE
    dc.s                                     0x00000000   Number         0  dc.o ABSOLUTE
    handlers.s                               0x00000000   Number         0  handlers.o ABSOLUTE
    init.s                                   0x00000000   Number         0  init.o ABSOLUTE
    .ARM.Collect$$$$00000000                 0x000000cc   Section        0  entry.o(.ARM.Collect$$$$00000000)
    .ARM.Collect$$$$00000001                 0x000000cc   Section        4  entry2.o(.ARM.Collect$$$$00000001)
    .ARM.Collect$$$$00000004                 0x000000d0   Section        4  entry5.o(.ARM.Collect$$$$00000004)
    .ARM.Collect$$$$00000008                 0x000000d4   Section        0  entry7b.o(.ARM.Collect$$$$00000008)
    .ARM.Collect$$$$0000000A                 0x000000d4   Section        0  entry8b.o(.ARM.Collect$$$$0000000A)
    .ARM.Collect$$$$0000000D                 0x000000d4   Section        0  entry10a.o(.ARM.Collect$$$$0000000D)
    .ARM.Collect$$$$0000000F                 0x000000d4   Section        0  entry11a.o(.ARM.Collect$$$$0000000F)
    .ARM.Collect$$$$000000FF                 0x000000d4   Section        0  rtx_conf_cm.o(.ARM.Collect$$$$000000FF)
    .ARM.Collect$$$$00002712                 0x000000ec   Section        4  entry2.o(.ARM.Collect$$$$00002712)
    __lit__00000000                          0x000000ec   Data           4  entry2.o(.ARM.Collect$$$$00002712)
    .emb_text                                0x000000f0   Section      304  hal_cm3.o(.emb_text)
    .text                                    0x00000220   Section        0  i2c_slave.o(.text)
    I2C_SignalEvent                          0x00000221   Thumb Code    12  i2c_slave.o(.text)
    SVC_TABLE                                0x000002ec   Section        4  svc_table.o(SVC_TABLE)
    i.__scatterload_null                     0x000002f0   Section        2  handlers.o(i.__scatterload_null)
    i.os_tick_irqack                         0x000002f2   Section        0  rt_system.o(i.os_tick_irqack)
    i.rt_dly_wait                            0x000002f4   Section        0  rt_time.o(i.rt_dly_wait)
    .ARM.__at_0x02FC                         0x000002fc   Section        4  startup_lpc17xx.o(.ARM.__at_0x02FC)
    .text                                    0x00000300   Section        0  led_lpc1768.o(.text)
    .text                                    0x00000404   Section        0  rtx_conf_cm.o(.text)
    .text                                    0x0000042c   Section        0  i2c_lpc17xx.o(.text)
    __NVIC_DisableIRQ                        0x0000042d   Thumb Code    54  i2c_lpc17xx.o(.text)
    GetI2CClockFreq                          0x00000463   Thumb Code    60  i2c_lpc17xx.o(.text)
    I2C_GetVersion                           0x0000049f   Thumb Code    10  i2c_lpc17xx.o(.text)
    I2C_GetCapabilities                      0x000004a9   Thumb Code     6  i2c_lpc17xx.o(.text)
    I2Cx_Initialize                          0x000004af   Thumb Code    78  i2c_lpc17xx.o(.text)
    I2Cx_Uninitialize                        0x000004fd   Thumb Code    48  i2c_lpc17xx.o(.text)
    I2Cx_PowerControl                        0x0000052d   Thumb Code   336  i2c_lpc17xx.o(.text)
    I2Cx_MasterTransmit                      0x0000067d   Thumb Code   204  i2c_lpc17xx.o(.text)
    I2Cx_MasterReceive                       0x00000749   Thumb Code   224  i2c_lpc17xx.o(.text)
    I2Cx_SlaveTransmit                       0x00000829   Thumb Code   116  i2c_lpc17xx.o(.text)
    I2Cx_SlaveReceive                        0x0000089d   Thumb Code   116  i2c_lpc17xx.o(.text)
    I2Cx_GetDataCount                        0x00000911   Thumb Code     8  i2c_lpc17xx.o(.text)
    I2Cx_Control                             0x00000919   Thumb Code   380  i2c_lpc17xx.o(.text)
    I2Cx_GetStatus                           0x00000a95   Thumb Code     8  i2c_lpc17xx.o(.text)
    I2Cx_MasterHandler                       0x00000a9d   Thumb Code   462  i2c_lpc17xx.o(.text)
    I2Cx_SlaveHandler                        0x00000c6b   Thumb Code   486  i2c_lpc17xx.o(.text)
    I2Cx_IRQHandler                          0x00000e51   Thumb Code    48  i2c_lpc17xx.o(.text)
    I2C2_Initialize                          0x00000e81   Thumb Code    14  i2c_lpc17xx.o(.text)
    I2C2_Uninitialize                        0x00000e8f   Thumb Code    10  i2c_lpc17xx.o(.text)
    I2C2_PowerControl                        0x00000e99   Thumb Code    14  i2c_lpc17xx.o(.text)
    I2C2_MasterTransmit                      0x00000ea7   Thumb Code    28  i2c_lpc17xx.o(.text)
    I2C2_MasterReceive                       0x00000ec3   Thumb Code    28  i2c_lpc17xx.o(.text)
    I2C2_SlaveTransmit                       0x00000edf   Thumb Code    18  i2c_lpc17xx.o(.text)
    I2C2_SlaveReceive                        0x00000ef1   Thumb Code    18  i2c_lpc17xx.o(.text)
    I2C2_GetDataCount                        0x00000f03   Thumb Code    10  i2c_lpc17xx.o(.text)
    I2C2_Control                             0x00000f0d   Thumb Code    18  i2c_lpc17xx.o(.text)
    I2C2_GetStatus                           0x00000f1f   Thumb Code    12  i2c_lpc17xx.o(.text)
    __NVIC_EnableIRQ                         0x00000f35   Thumb Code    26  i2c_lpc17xx.o(.text)
    __NVIC_ClearPendingIRQ                   0x00000f4f   Thumb Code    22  i2c_lpc17xx.o(.text)
    .text                                    0x00000f6c   Section        0  gpio_lpc17xx.o(.text)
    .text                                    0x00001038   Section        0  pin_lpc17xx.o(.text)
    .text                                    0x00001174   Section       36  startup_lpc17xx.o(.text)
    .text                                    0x00001198   Section        0  system_lpc17xx.o(.text)
    .text                                    0x00001488   Section        0  uldiv.o(.text)
    .text                                    0x000014ea   Section        0  memseta.o(.text)
    .text                                    0x0000150e   Section        0  llshl.o(.text)
    .text                                    0x0000152c   Section        0  llushr.o(.text)
    .text                                    0x0000154c   Section       36  init.o(.text)
    i.__scatterload_copy                     0x00001570   Section       14  handlers.o(i.__scatterload_copy)
    i.__scatterload_zeroinit                 0x0000157e   Section       14  handlers.o(i.__scatterload_zeroinit)
    i._init_box                              0x0000158c   Section        0  rt_membox.o(i._init_box)
    i.dbg_init                               0x000015d4   Section        0  hal_cm.o(i.dbg_init)
    i.dbg_task_notify                        0x00001604   Section        0  hal_cm.o(i.dbg_task_notify)
    i.dbg_task_switch                        0x00001624   Section        0  hal_cm.o(i.dbg_task_switch)
    i.isrMessageGet                          0x00001634   Section        0  rt_cmsis.o(i.isrMessageGet)
    i.isrMessagePut                          0x0000165e   Section        0  rt_cmsis.o(i.isrMessagePut)
    i.isr_mbx_receive                        0x0000168c   Section        0  rt_mailbox.o(i.isr_mbx_receive)
    i.isr_mbx_send                           0x000016e2   Section        0  rt_mailbox.o(i.isr_mbx_send)
    i.osDelay                                0x000016f0   Section        0  rt_cmsis.o(i.osDelay)
    i.osKernelInitialize                     0x00001708   Section        0  rt_cmsis.o(i.osKernelInitialize)
    i.osKernelStart                          0x0000172c   Section        0  rt_cmsis.o(i.osKernelStart)
    i.osMessageGet                           0x00001798   Section        0  rt_cmsis.o(i.osMessageGet)
    i.osThreadCreate                         0x000017b0   Section        0  rt_cmsis.o(i.osThreadCreate)
    i.osThreadExit                           0x000017dc   Section        0  rt_cmsis.o(i.osThreadExit)
    i.osTimerCall                            0x000017f4   Section        0  rt_cmsis.o(i.osTimerCall)
    i.osTimerThread                          0x00001800   Section        0  rt_cmsis.o(i.osTimerThread)
    i.os_tick_init                           0x0000182c   Section        0  rt_system.o(i.os_tick_init)
    i.rt_alloc_box                           0x00001854   Section        0  rt_membox.o(i.rt_alloc_box)
    i.rt_alloc_mem                           0x0000186e   Section        0  rt_memory.o(i.rt_alloc_mem)
    i.rt_block                               0x000018ac   Section        0  rt_task.o(i.rt_block)
    i.rt_chk_robin                           0x000018e4   Section        0  rt_robin.o(i.rt_chk_robin)
    i.rt_dec_dly                             0x0000192c   Section        0  rt_list.o(i.rt_dec_dly)
    i.rt_dispatch                            0x0000199c   Section        0  rt_task.o(i.rt_dispatch)
    i.rt_evt_psh                             0x000019e0   Section        0  rt_event.o(i.rt_evt_psh)
    i.rt_free_box                            0x00001a30   Section        0  rt_membox.o(i.rt_free_box)
    i.rt_free_mem                            0x00001a5c   Section        0  rt_memory.o(i.rt_free_mem)
    i.rt_get_first                           0x00001a84   Section        0  rt_list.o(i.rt_get_first)
    i.rt_id2obj                              0x00001aac   Section        0  rt_cmsis.o(i.rt_id2obj)
    rt_id2obj                                0x00001aad   Thumb Code     8  rt_cmsis.o(i.rt_id2obj)
    i.rt_init_context                        0x00001ab4   Section        0  rt_task.o(i.rt_init_context)
    rt_init_context                          0x00001ab5   Thumb Code    66  rt_task.o(i.rt_init_context)
    i.rt_init_mem                            0x00001afc   Section        0  rt_memory.o(i.rt_init_mem)
    i.rt_init_robin                          0x00001b18   Section        0  rt_robin.o(i.rt_init_robin)
    i.rt_init_stack                          0x00001b30   Section        0  hal_cm.o(i.rt_init_stack)
    i.rt_mbx_check                           0x00001bb0   Section        0  rt_mailbox.o(i.rt_mbx_check)
    i.rt_mbx_init                            0x00001bb8   Section        0  rt_mailbox.o(i.rt_mbx_init)
    i.rt_mbx_psh                             0x00001bd4   Section        0  rt_mailbox.o(i.rt_mbx_psh)
    i.rt_mbx_wait                            0x00001cc4   Section        0  rt_mailbox.o(i.rt_mbx_wait)
    i.rt_ms2tick                             0x00001d78   Section        0  rt_cmsis.o(i.rt_ms2tick)
    rt_ms2tick                               0x00001d79   Thumb Code    58  rt_cmsis.o(i.rt_ms2tick)
    i.rt_pop_req                             0x00001dbc   Section        0  rt_system.o(i.rt_pop_req)
    i.rt_psh_req                             0x00001e38   Section        0  rt_system.o(i.rt_psh_req)
    i.rt_psq_enq                             0x00001e58   Section        0  rt_list.o(i.rt_psq_enq)
    i.rt_put_dly                             0x00001eb4   Section        0  rt_list.o(i.rt_put_dly)
    i.rt_put_prio                            0x00001efc   Section        0  rt_list.o(i.rt_put_prio)
    i.rt_put_rdy_first                       0x00001f34   Section        0  rt_list.o(i.rt_put_rdy_first)
    i.rt_resort_prio                         0x00001f48   Section        0  rt_list.o(i.rt_resort_prio)
    i.rt_ret_val                             0x00001f7c   Section        0  hal_cm.o(i.rt_ret_val)
    i.rt_ret_val2                            0x00001f82   Section        0  hal_cm.o(i.rt_ret_val2)
    i.rt_rmv_dly                             0x00001f8a   Section        0  rt_list.o(i.rt_rmv_dly)
    i.rt_rmv_list                            0x00001fb4   Section        0  rt_list.o(i.rt_rmv_list)
    i.rt_sem_psh                             0x00001fe4   Section        0  rt_semaphore.o(i.rt_sem_psh)
    i.rt_stk_check                           0x00002018   Section        0  rt_system.o(i.rt_stk_check)
    i.rt_switch_req                          0x0000203c   Section        0  rt_task.o(i.rt_switch_req)
    i.rt_sys_init                            0x00002064   Section        0  rt_task.o(i.rt_sys_init)
    i.rt_sys_start                           0x00002130   Section        0  rt_task.o(i.rt_sys_start)
    i.rt_systick                             0x000021a8   Section        0  rt_system.o(i.rt_systick)
    i.rt_tid2ptcb                            0x000021e8   Section        0  rt_cmsis.o(i.rt_tid2ptcb)
    rt_tid2ptcb                              0x000021e9   Thumb Code    18  rt_cmsis.o(i.rt_tid2ptcb)
    i.rt_timer_insert                        0x000021fc   Section        0  rt_cmsis.o(i.rt_timer_insert)
    rt_timer_insert                          0x000021fd   Thumb Code    48  rt_cmsis.o(i.rt_timer_insert)
    i.rt_tsk_create                          0x00002230   Section        0  rt_task.o(i.rt_tsk_create)
    i.rt_tsk_delete                          0x000022b8   Section        0  rt_task.o(i.rt_tsk_delete)
    i.rt_tsk_prio                            0x00002434   Section        0  rt_task.o(i.rt_tsk_prio)
    i.rt_tsk_self                            0x000024b0   Section        0  rt_task.o(i.rt_tsk_self)
    i.svcDelay                               0x000024c0   Section        0  rt_cmsis.o(i.svcDelay)
    i.svcKernelInitialize                    0x000024d4   Section        0  rt_cmsis.o(i.svcKernelInitialize)
    i.svcKernelStart                         0x00002544   Section        0  rt_cmsis.o(i.svcKernelStart)
    i.svcMessageCreate                       0x0000258c   Section        0  rt_cmsis.o(i.svcMessageCreate)
    i.svcMessageGet                          0x000025b0   Section        0  rt_cmsis.o(i.svcMessageGet)
    i.svcThreadCreate                        0x000025ec   Section        0  rt_cmsis.o(i.svcThreadCreate)
    i.svcThreadGetId                         0x00002658   Section        0  rt_cmsis.o(i.svcThreadGetId)
    i.svcThreadTerminate                     0x00002674   Section        0  rt_cmsis.o(i.svcThreadTerminate)
    i.svcTimerCall                           0x000026ac   Section        0  rt_cmsis.o(i.svcTimerCall)
    i.sysTimerTick                           0x000026c4   Section        0  rt_cmsis.o(i.sysTimerTick)
    .constdata                               0x00002720   Section        8  led_lpc1768.o(.constdata)
    .constdata                               0x00002728   Section      104  rtx_conf_cm.o(.constdata)
    __tagsym$$used                           0x00002744   Number         0  rtx_conf_cm.o(.constdata)
    __tagsym$$used                           0x00002748   Number         0  rtx_conf_cm.o(.constdata)
    __tagsym$$used                           0x0000274c   Number         0  rtx_conf_cm.o(.constdata)
    __tagsym$$used                           0x00002750   Number         0  rtx_conf_cm.o(.constdata)
    .constdata                               0x00002790   Section      100  i2c_lpc17xx.o(.constdata)
    DriverVersion                            0x00002790   Data           4  i2c_lpc17xx.o(.constdata)
    DriverCapabilities                       0x00002794   Data           4  i2c_lpc17xx.o(.constdata)
    I2C2_Resources                           0x00002798   Data          44  i2c_lpc17xx.o(.constdata)
    .data                                    0x10000000   Section        8  i2c_slave.o(.data)
    I2Cdrv                                   0x10000000   Data           4  i2c_slave.o(.data)
    I2C_Event                                0x10000004   Data           4  i2c_slave.o(.data)
    .data                                    0x10000008   Section       16  rtx_conf_cm.o(.data)
    .data                                    0x10000018   Section        4  i2c_lpc17xx.o(.data)
    .data                                    0x1000001c   Section        4  system_lpc17xx.o(.data)
    .data                                    0x10000020   Section        8  rt_cmsis.o(.data)
    .data                                    0x10000028   Section        8  rt_task.o(.data)
    .data                                    0x10000030   Section        8  rt_system.o(.data)
    os_lock                                  0x10000030   Data           1  rt_system.o(.data)
    os_psh_flag                              0x10000031   Data           1  rt_system.o(.data)
    pend_flags                               0x10000032   Data           1  rt_system.o(.data)
    .data                                    0x10000038   Section        4  rt_time.o(.data)
    .data                                    0x1000003c   Section        1  hal_cm.o(.data)
    .data                                    0x10000040   Section        8  rt_robin.o(.data)
    .bss                                     0x10000048   Section     2216  rtx_conf_cm.o(.bss)
    .bss                                     0x100008f0   Section       36  i2c_lpc17xx.o(.bss)
    I2C2_Ctrl                                0x100008f0   Data          36  i2c_lpc17xx.o(.bss)
    .bss                                     0x10000914   Section       52  rt_task.o(.bss)
    .bss                                     0x10000948   Section       48  rt_list.o(.bss)
    STACK                                    0x10000978   Section      512  startup_lpc17xx.o(STACK)

    Global Symbols

    Symbol Name                              Value     Ov Type        Size  Object(Section)

    BuildAttributes$$THM_ISAv4$P$D$K$B$S$PE$A:L22UL41UL21$X:L11$S22US41US21$IEEE1$IW$USESV6$~STKCKD$USESV7$~SHL$OSPACE$EBA8$MICROLIB$REQ8$PRES8$EABIv2 0x00000000   Number         0  anon$$obj.o ABSOLUTE
    __ARM_use_no_argv                        0x00000000   Number         0  i2c_slave.o ABSOLUTE
    __Vectors                                0x00000000   Data           4  startup_lpc17xx.o(RESET)
    __cpp_initialize__aeabi_                  - Undefined Weak Reference
    __cxa_finalize                            - Undefined Weak Reference
    __decompress                              - Undefined Weak Reference
    _clock_init                               - Undefined Weak Reference
    _microlib_exit                            - Undefined Weak Reference
    __main                                   0x000000cd   Thumb Code     0  entry.o(.ARM.Collect$$$$00000000)
    _main_stk                                0x000000cd   Thumb Code     0  entry2.o(.ARM.Collect$$$$00000001)
    _main_scatterload                        0x000000d1   Thumb Code     0  entry5.o(.ARM.Collect$$$$00000004)
    __main_after_scatterload                 0x000000d5   Thumb Code     0  entry5.o(.ARM.Collect$$$$00000004)
    __rt_final_cpp                           0x000000d5   Thumb Code     0  entry10a.o(.ARM.Collect$$$$0000000D)
    __rt_final_exit                          0x000000d5   Thumb Code     0  entry11a.o(.ARM.Collect$$$$0000000F)
    _main_clock                              0x000000d5   Thumb Code     0  entry7b.o(.ARM.Collect$$$$00000008)
    _main_cpp_init                           0x000000d5   Thumb Code     0  entry8b.o(.ARM.Collect$$$$0000000A)
    _main_init                               0x000000d5   Thumb Code    18  rtx_conf_cm.o(.ARM.Collect$$$$000000FF)
    rt_set_PSP                               0x000000f1   Thumb Code     6  hal_cm3.o(.emb_text)
    rt_get_PSP                               0x000000f7   Thumb Code     6  hal_cm3.o(.emb_text)
    os_set_env                               0x000000fd   Thumb Code    24  hal_cm3.o(.emb_text)
    _alloc_box                               0x00000119   Thumb Code    28  hal_cm3.o(.emb_text)
    _free_box                                0x00000139   Thumb Code    28  hal_cm3.o(.emb_text)
    SVC_Handler                              0x00000159   Thumb Code   108  hal_cm3.o(.emb_text)
    PendSV_Handler                           0x000001d1   Thumb Code    56  hal_cm3.o(.emb_text)
    SysTick_Handler                          0x0000020d   Thumb Code     8  hal_cm3.o(.emb_text)
    OS_Tick_Handler                          0x00000215   Thumb Code    12  hal_cm3.o(.emb_text)
    main                                     0x0000022d   Thumb Code   180  i2c_slave.o(.text)
    SVC_Count                                0x000002ec   Data           4  svc_table.o(SVC_TABLE)
    SVC_Table                                0x000002f0   Data           0  svc_table.o(SVC_TABLE)
    __scatterload_null                       0x000002f1   Thumb Code     2  handlers.o(i.__scatterload_null)
    os_tick_irqack                           0x000002f3   Thumb Code     2  rt_system.o(i.os_tick_irqack)
    rt_dly_wait                              0x000002f5   Thumb Code     6  rt_time.o(i.rt_dly_wait)
    LED_Initialize                           0x00000301   Thumb Code    88  led_lpc1768.o(.text)
    LED_Uninitialize                         0x00000359   Thumb Code    42  led_lpc1768.o(.text)
    LED_On                                   0x00000383   Thumb Code    40  led_lpc1768.o(.text)
    LED_Off                                  0x000003ab   Thumb Code    40  led_lpc1768.o(.text)
    LED_SetOut                               0x000003d3   Thumb Code    40  led_lpc1768.o(.text)
    LED_GetCount                             0x000003fb   Thumb Code     4  led_lpc1768.o(.text)
    os_idle_demon                            0x00000405   Thumb Code     4  rtx_conf_cm.o(.text)
    os_error                                 0x00000409   Thumb Code    34  rtx_conf_cm.o(.text)
    __RL_RTX_VER                             0x00000482   Number         0  rt_system.o ABSOLUTE
    I2C2_IRQHandler                          0x00000f2b   Thumb Code    10  i2c_lpc17xx.o(.text)
    GPIO_PortClock                           0x00000f6d   Thumb Code    38  gpio_lpc17xx.o(.text)
    GPIO_SetDir                              0x00000f93   Thumb Code    52  gpio_lpc17xx.o(.text)
    GPIO_PinWrite                            0x00000fc7   Thumb Code    36  gpio_lpc17xx.o(.text)
    GPIO_PinRead                             0x00000feb   Thumb Code    28  gpio_lpc17xx.o(.text)
    GPIO_PortWrite                           0x00001007   Thumb Code    26  gpio_lpc17xx.o(.text)
    GPIO_PortRead                            0x00001021   Thumb Code    14  gpio_lpc17xx.o(.text)
    PIN_Configure                            0x00001039   Thumb Code   246  pin_lpc17xx.o(.text)
    PIN_ConfigureTPIU                        0x0000112f   Thumb Code    36  pin_lpc17xx.o(.text)
    PIN_ConfigureI2C0Pins                    0x00001153   Thumb Code    28  pin_lpc17xx.o(.text)
    Reset_Handler                            0x00001175   Thumb Code     8  startup_lpc17xx.o(.text)
    NMI_Handler                              0x0000117d   Thumb Code     2  startup_lpc17xx.o(.text)
    HardFault_Handler                        0x0000117f   Thumb Code     2  startup_lpc17xx.o(.text)
    MemManage_Handler                        0x00001181   Thumb Code     2  startup_lpc17xx.o(.text)
    BusFault_Handler                         0x00001183   Thumb Code     2  startup_lpc17xx.o(.text)
    UsageFault_Handler                       0x00001185   Thumb Code     2  startup_lpc17xx.o(.text)
    DebugMon_Handler                         0x00001189   Thumb Code     2  startup_lpc17xx.o(.text)
    ADC_IRQHandler                           0x0000118f   Thumb Code     0  startup_lpc17xx.o(.text)
    BOD_IRQHandler                           0x0000118f   Thumb Code     0  startup_lpc17xx.o(.text)
    CANActivity_IRQHandler                   0x0000118f   Thumb Code     0  startup_lpc17xx.o(.text)
    CAN_IRQHandler                           0x0000118f   Thumb Code     0  startup_lpc17xx.o(.text)
    DMA_IRQHandler                           0x0000118f   Thumb Code     0  startup_lpc17xx.o(.text)
    EINT0_IRQHandler                         0x0000118f   Thumb Code     0  startup_lpc17xx.o(.text)
    EINT1_IRQHandler                         0x0000118f   Thumb Code     0  startup_lpc17xx.o(.text)
    EINT2_IRQHandler                         0x0000118f   Thumb Code     0  startup_lpc17xx.o(.text)
    EINT3_IRQHandler                         0x0000118f   Thumb Code     0  startup_lpc17xx.o(.text)
    ENET_IRQHandler                          0x0000118f   Thumb Code     0  startup_lpc17xx.o(.text)
    I2C0_IRQHandler                          0x0000118f   Thumb Code     0  startup_lpc17xx.o(.text)
    I2C1_IRQHandler                          0x0000118f   Thumb Code     0  startup_lpc17xx.o(.text)
    I2S_IRQHandler                           0x0000118f   Thumb Code     0  startup_lpc17xx.o(.text)
    MCPWM_IRQHandler                         0x0000118f   Thumb Code     0  startup_lpc17xx.o(.text)
    PLL0_IRQHandler                          0x0000118f   Thumb Code     0  startup_lpc17xx.o(.text)
    PLL1_IRQHandler                          0x0000118f   Thumb Code     0  startup_lpc17xx.o(.text)
    PWM1_IRQHandler                          0x0000118f   Thumb Code     0  startup_lpc17xx.o(.text)
    QEI_IRQHandler                           0x0000118f   Thumb Code     0  startup_lpc17xx.o(.text)
    RIT_IRQHandler                           0x0000118f   Thumb Code     0  startup_lpc17xx.o(.text)
    RTC_IRQHandler                           0x0000118f   Thumb Code     0  startup_lpc17xx.o(.text)
    SPI_IRQHandler                           0x0000118f   Thumb Code     0  startup_lpc17xx.o(.text)
    SSP0_IRQHandler                          0x0000118f   Thumb Code     0  startup_lpc17xx.o(.text)
    SSP1_IRQHandler                          0x0000118f   Thumb Code     0  startup_lpc17xx.o(.text)
    TIMER0_IRQHandler                        0x0000118f   Thumb Code     0  startup_lpc17xx.o(.text)
    TIMER1_IRQHandler                        0x0000118f   Thumb Code     0  startup_lpc17xx.o(.text)
    TIMER2_IRQHandler                        0x0000118f   Thumb Code     0  startup_lpc17xx.o(.text)
    TIMER3_IRQHandler                        0x0000118f   Thumb Code     0  startup_lpc17xx.o(.text)
    UART0_IRQHandler                         0x0000118f   Thumb Code     0  startup_lpc17xx.o(.text)
    UART1_IRQHandler                         0x0000118f   Thumb Code     0  startup_lpc17xx.o(.text)
    UART2_IRQHandler                         0x0000118f   Thumb Code     0  startup_lpc17xx.o(.text)
    UART3_IRQHandler                         0x0000118f   Thumb Code     0  startup_lpc17xx.o(.text)
    USBActivity_IRQHandler                   0x0000118f   Thumb Code     0  startup_lpc17xx.o(.text)
    USB_IRQHandler                           0x0000118f   Thumb Code     0  startup_lpc17xx.o(.text)
    WDT_IRQHandler                           0x0000118f   Thumb Code     0  startup_lpc17xx.o(.text)
    SystemCoreClockUpdate                    0x00001199   Thumb Code   408  system_lpc17xx.o(.text)
    SystemInit                               0x00001331   Thumb Code   314  system_lpc17xx.o(.text)
    __aeabi_uldivmod                         0x00001489   Thumb Code    98  uldiv.o(.text)
    __aeabi_memset                           0x000014eb   Thumb Code    14  memseta.o(.text)
    __aeabi_memset4                          0x000014eb   Thumb Code     0  memseta.o(.text)
    __aeabi_memset8                          0x000014eb   Thumb Code     0  memseta.o(.text)
    __aeabi_memclr                           0x000014f9   Thumb Code     4  memseta.o(.text)
    __aeabi_memclr4                          0x000014f9   Thumb Code     0  memseta.o(.text)
    __aeabi_memclr8                          0x000014f9   Thumb Code     0  memseta.o(.text)
    _memset$wrapper                          0x000014fd   Thumb Code    18  memseta.o(.text)
    __aeabi_llsl                             0x0000150f   Thumb Code    30  llshl.o(.text)
    _ll_shift_l                              0x0000150f   Thumb Code     0  llshl.o(.text)
    __aeabi_llsr                             0x0000152d   Thumb Code    32  llushr.o(.text)
    _ll_ushift_r                             0x0000152d   Thumb Code     0  llushr.o(.text)
    __scatterload                            0x0000154d   Thumb Code    28  init.o(.text)
    __scatterload_rt2                        0x0000154d   Thumb Code     0  init.o(.text)
    __scatterload_copy                       0x00001571   Thumb Code    14  handlers.o(i.__scatterload_copy)
    __scatterload_zeroinit                   0x0000157f   Thumb Code    14  handlers.o(i.__scatterload_zeroinit)
    _init_box                                0x0000158d   Thumb Code    70  rt_membox.o(i._init_box)
    dbg_init                                 0x000015d5   Thumb Code    34  hal_cm.o(i.dbg_init)
    dbg_task_notify                          0x00001605   Thumb Code    32  hal_cm.o(i.dbg_task_notify)
    dbg_task_switch                          0x00001625   Thumb Code    16  hal_cm.o(i.dbg_task_switch)
    isrMessageGet                            0x00001635   Thumb Code    42  rt_cmsis.o(i.isrMessageGet)
    isrMessagePut                            0x0000165f   Thumb Code    44  rt_cmsis.o(i.isrMessagePut)
    isr_mbx_receive                          0x0000168d   Thumb Code    86  rt_mailbox.o(i.isr_mbx_receive)
    isr_mbx_send                             0x000016e3   Thumb Code    14  rt_mailbox.o(i.isr_mbx_send)
    osDelay                                  0x000016f1   Thumb Code    18  rt_cmsis.o(i.osDelay)
    osKernelInitialize                       0x00001709   Thumb Code    30  rt_cmsis.o(i.osKernelInitialize)
    osKernelStart                            0x0000172d   Thumb Code    98  rt_cmsis.o(i.osKernelStart)
    osMessageGet                             0x00001799   Thumb Code    18  rt_cmsis.o(i.osMessageGet)
    osThreadCreate                           0x000017b1   Thumb Code    36  rt_cmsis.o(i.osThreadCreate)
    osThreadExit                             0x000017dd   Thumb Code    14  rt_cmsis.o(i.osThreadExit)
    osTimerCall                              0x000017f5   Thumb Code     8  rt_cmsis.o(i.osTimerCall)
    osTimerThread                            0x00001801   Thumb Code    38  rt_cmsis.o(i.osTimerThread)
    os_tick_init                             0x0000182d   Thumb Code    32  rt_system.o(i.os_tick_init)
    rt_alloc_box                             0x00001855   Thumb Code    26  rt_membox.o(i.rt_alloc_box)
    rt_alloc_mem                             0x0000186f   Thumb Code    62  rt_memory.o(i.rt_alloc_mem)
    rt_block                                 0x000018ad   Thumb Code    48  rt_task.o(i.rt_block)
    rt_chk_robin                             0x000018e5   Thumb Code    60  rt_robin.o(i.rt_chk_robin)
    rt_dec_dly                               0x0000192d   Thumb Code   102  rt_list.o(i.rt_dec_dly)
    rt_dispatch                              0x0000199d   Thumb Code    60  rt_task.o(i.rt_dispatch)
    rt_evt_psh                               0x000019e1   Thumb Code    76  rt_event.o(i.rt_evt_psh)
    rt_free_box                              0x00001a31   Thumb Code    44  rt_membox.o(i.rt_free_box)
    rt_free_mem                              0x00001a5d   Thumb Code    40  rt_memory.o(i.rt_free_mem)
    rt_get_first                             0x00001a85   Thumb Code    40  rt_list.o(i.rt_get_first)
    rt_init_mem                              0x00001afd   Thumb Code    26  rt_memory.o(i.rt_init_mem)
    rt_init_robin                            0x00001b19   Thumb Code    14  rt_robin.o(i.rt_init_robin)
    rt_init_stack                            0x00001b31   Thumb Code   118  hal_cm.o(i.rt_init_stack)
    rt_mbx_check                             0x00001bb1   Thumb Code     8  rt_mailbox.o(i.rt_mbx_check)
    rt_mbx_init                              0x00001bb9   Thumb Code    26  rt_mailbox.o(i.rt_mbx_init)
    rt_mbx_psh                               0x00001bd5   Thumb Code   236  rt_mailbox.o(i.rt_mbx_psh)
    rt_mbx_wait                              0x00001cc5   Thumb Code   174  rt_mailbox.o(i.rt_mbx_wait)
    rt_pop_req                               0x00001dbd   Thumb Code   112  rt_system.o(i.rt_pop_req)
    rt_psh_req                               0x00001e39   Thumb Code    22  rt_system.o(i.rt_psh_req)
    rt_psq_enq                               0x00001e59   Thumb Code    88  rt_list.o(i.rt_psq_enq)
    rt_put_dly                               0x00001eb5   Thumb Code    68  rt_list.o(i.rt_put_dly)
    rt_put_prio                              0x00001efd   Thumb Code    54  rt_list.o(i.rt_put_prio)
    rt_put_rdy_first                         0x00001f35   Thumb Code    14  rt_list.o(i.rt_put_rdy_first)
    rt_resort_prio                           0x00001f49   Thumb Code    46  rt_list.o(i.rt_resort_prio)
    rt_ret_val                               0x00001f7d   Thumb Code     6  hal_cm.o(i.rt_ret_val)
    rt_ret_val2                              0x00001f83   Thumb Code     8  hal_cm.o(i.rt_ret_val2)
    rt_rmv_dly                               0x00001f8b   Thumb Code    40  rt_list.o(i.rt_rmv_dly)
    rt_rmv_list                              0x00001fb5   Thumb Code    44  rt_list.o(i.rt_rmv_list)
    rt_sem_psh                               0x00001fe5   Thumb Code    48  rt_semaphore.o(i.rt_sem_psh)
    rt_stk_check                             0x00002019   Thumb Code    28  rt_system.o(i.rt_stk_check)
    rt_switch_req                            0x0000203d   Thumb Code    30  rt_task.o(i.rt_switch_req)
    rt_sys_init                              0x00002065   Thumb Code   138  rt_task.o(i.rt_sys_init)
    rt_sys_start                             0x00002131   Thumb Code   110  rt_task.o(i.rt_sys_start)
    rt_systick                               0x000021a9   Thumb Code    50  rt_system.o(i.rt_systick)
    rt_tsk_create                            0x00002231   Thumb Code   118  rt_task.o(i.rt_tsk_create)
    rt_tsk_delete                            0x000022b9   Thumb Code   352  rt_task.o(i.rt_tsk_delete)
    rt_tsk_prio                              0x00002435   Thumb Code   108  rt_task.o(i.rt_tsk_prio)
    rt_tsk_self                              0x000024b1   Thumb Code    12  rt_task.o(i.rt_tsk_self)
    svcDelay                                 0x000024c1   Thumb Code    18  rt_cmsis.o(i.svcDelay)
    svcKernelInitialize                      0x000024d5   Thumb Code    80  rt_cmsis.o(i.svcKernelInitialize)
    svcKernelStart                           0x00002545   Thumb Code    62  rt_cmsis.o(i.svcKernelStart)
    svcMessageCreate                         0x0000258d   Thumb Code    36  rt_cmsis.o(i.svcMessageCreate)
    svcMessageGet                            0x000025b1   Thumb Code    58  rt_cmsis.o(i.svcMessageGet)
    svcThreadCreate                          0x000025ed   Thumb Code    96  rt_cmsis.o(i.svcThreadCreate)
    svcThreadGetId                           0x00002659   Thumb Code    22  rt_cmsis.o(i.svcThreadGetId)
    svcThreadTerminate                       0x00002675   Thumb Code    50  rt_cmsis.o(i.svcThreadTerminate)
    svcTimerCall                             0x000026ad   Thumb Code    24  rt_cmsis.o(i.svcTimerCall)
    sysTimerTick                             0x000026c5   Thumb Code    84  rt_cmsis.o(i.sysTimerTick)
    LED_PIN                                  0x00002720   Data           8  led_lpc1768.o(.constdata)
    os_maxtaskrun                            0x00002728   Data           2  rtx_conf_cm.o(.constdata)
    os_stackinfo                             0x0000272c   Data           4  rtx_conf_cm.o(.constdata)
    os_rrobin                                0x00002730   Data           4  rtx_conf_cm.o(.constdata)
    os_tickfreq                              0x00002734   Data           4  rtx_conf_cm.o(.constdata)
    os_tickus_i                              0x00002738   Data           2  rtx_conf_cm.o(.constdata)
    os_tickus_f                              0x0000273a   Data           2  rtx_conf_cm.o(.constdata)
    os_trv                                   0x0000273c   Data           4  rtx_conf_cm.o(.constdata)
    os_flags                                 0x00002740   Data           1  rtx_conf_cm.o(.constdata)
    CMSIS_RTOS_API_Version                   0x00002744   Data           4  rtx_conf_cm.o(.constdata)
    CMSIS_RTOS_RTX_Version                   0x00002748   Data           4  rtx_conf_cm.o(.constdata)
    os_clockrate                             0x0000274c   Data           4  rtx_conf_cm.o(.constdata)
    os_timernum                              0x00002750   Data           4  rtx_conf_cm.o(.constdata)
    mp_tcb_size                              0x00002754   Data           2  rtx_conf_cm.o(.constdata)
    mp_stk_size                              0x00002758   Data           4  rtx_conf_cm.o(.constdata)
    os_stack_sz                              0x0000275c   Data           4  rtx_conf_cm.o(.constdata)
    os_fifo_size                             0x00002760   Data           1  rtx_conf_cm.o(.constdata)
    os_thread_def_osTimerThread              0x00002764   Data          16  rtx_conf_cm.o(.constdata)
    os_messageQ_def_osTimerMessageQ          0x00002774   Data           8  rtx_conf_cm.o(.constdata)
    mp_tmr_size                              0x0000277c   Data           2  rtx_conf_cm.o(.constdata)
    os_thread_def_main                       0x00002780   Data          16  rtx_conf_cm.o(.constdata)
    Driver_I2C2                              0x000027c4   Data          48  i2c_lpc17xx.o(.constdata)
    Region$$Table$$Base                      0x000027f4   Number         0  anon$$obj.o(Region$$Table)
    Region$$Table$$Limit                     0x00002814   Number         0  anon$$obj.o(Region$$Table)
    osThreadId_osTimerThread                 0x10000008   Data           4  rtx_conf_cm.o(.data)
    osMessageQId_osTimerMessageQ             0x1000000c   Data           4  rtx_conf_cm.o(.data)
    os_tmr                                   0x10000010   Data           4  rtx_conf_cm.o(.data)
    m_tmr                                    0x10000014   Data           4  rtx_conf_cm.o(.data)
    I2C2_PIN                                 0x10000018   Data           4  i2c_lpc17xx.o(.data)
    SystemCoreClock                          0x1000001c   Data           4  system_lpc17xx.o(.data)
    os_initialized                           0x10000020   Data           1  rt_cmsis.o(.data)
    os_running                               0x10000021   Data           1  rt_cmsis.o(.data)
    os_timer_head                            0x10000024   Data           4  rt_cmsis.o(.data)
    os_tsk                                   0x10000028   Data           8  rt_task.o(.data)
    os_tick_irqn                             0x10000034   Data           4  rt_system.o(.data)
    os_time                                  0x10000038   Data           4  rt_time.o(.data)
    dbg_msg                                  0x1000003c   Data           1  hal_cm.o(.data)
    os_robin                                 0x10000040   Data           8  rt_robin.o(.data)
    mp_tcb                                   0x10000048   Data         376  rtx_conf_cm.o(.bss)
    mp_stk                                   0x100001c0   Data        1216  rtx_conf_cm.o(.bss)
    os_stack_mem                             0x10000680   Data         432  rtx_conf_cm.o(.bss)
    os_fifo                                  0x10000830   Data         132  rtx_conf_cm.o(.bss)
    os_active_TCB                            0x100008b4   Data          28  rtx_conf_cm.o(.bss)
    os_messageQ_q_osTimerMessageQ            0x100008d0   Data          32  rtx_conf_cm.o(.bss)
    os_idle_TCB                              0x10000914   Data          52  rt_task.o(.bss)
    os_rdy                                   0x10000948   Data          24  rt_list.o(.bss)
    os_dly                                   0x10000960   Data          24  rt_list.o(.bss)
    __initial_sp                             0x10000b78   Data           0  startup_lpc17xx.o(STACK)



==============================================================================

Memory Map of the image

  Image Entry point : 0x000000cd

  Load Region LR_IROM1 (Base: 0x00000000, Size: 0x0000285c, Max: 0x00080000, ABSOLUTE)

    Execution Region ER_IROM1 (Exec base: 0x00000000, Load base: 0x00000000, Size: 0x00002814, Max: 0x00080000, ABSOLUTE)

    Exec Addr    Load Addr    Size         Type   Attr      Idx    E Section Name        Object

    0x00000000   0x00000000   0x000000cc   Data   RO          224    RESET               startup_lpc17xx.o
    0x000000cc   0x000000cc   0x00000000   Code   RO         1470  * .ARM.Collect$$$$00000000  mc_w.l(entry.o)
    0x000000cc   0x000000cc   0x00000004   Code   RO         1477    .ARM.Collect$$$$00000001  mc_w.l(entry2.o)
    0x000000d0   0x000000d0   0x00000004   Code   RO         1480    .ARM.Collect$$$$00000004  mc_w.l(entry5.o)
    0x000000d4   0x000000d4   0x00000000   Code   RO         1482    .ARM.Collect$$$$00000008  mc_w.l(entry7b.o)
    0x000000d4   0x000000d4   0x00000000   Code   RO         1484    .ARM.Collect$$$$0000000A  mc_w.l(entry8b.o)
    0x000000d4   0x000000d4   0x00000000   Code   RO         1485    .ARM.Collect$$$$0000000D  mc_w.l(entry10a.o)
    0x000000d4   0x000000d4   0x00000000   Code   RO         1487    .ARM.Collect$$$$0000000F  mc_w.l(entry11a.o)
    0x000000d4   0x000000d4   0x00000018   Code   RO           97    .ARM.Collect$$$$000000FF  rtx_conf_cm.o
    0x000000ec   0x000000ec   0x00000004   Code   RO         1478    .ARM.Collect$$$$00002712  mc_w.l(entry2.o)
    0x000000f0   0x000000f0   0x00000130   Code   RO         1457    .emb_text           RTX_CM3.lib(hal_cm3.o)
    0x00000220   0x00000220   0x000000cc   Code   RO            1    .text               i2c_slave.o
    0x000002ec   0x000002ec   0x00000004   Code   RO         1467    SVC_TABLE           RTX_CM3.lib(svc_table.o)
    0x000002f0   0x000002f0   0x00000002   Code   RO         1498    i.__scatterload_null  mc_w.l(handlers.o)
    0x000002f2   0x000002f2   0x00000002   Code   RO          970    i.os_tick_irqack    RTX_CM3.lib(rt_system.o)
    0x000002f4   0x000002f4   0x00000006   Code   RO         1271    i.rt_dly_wait       RTX_CM3.lib(rt_time.o)
    0x000002fa   0x000002fa   0x00000002   PAD
    0x000002fc   0x000002fc   0x00000004   Code   RO          225    .ARM.__at_0x02FC    startup_lpc17xx.o
    0x00000300   0x00000300   0x00000104   Code   RO           43    .text               led_lpc1768.o
    0x00000404   0x00000404   0x00000026   Code   RO           98    .text               rtx_conf_cm.o
    0x0000042a   0x0000042a   0x00000002   PAD
    0x0000042c   0x0000042c   0x00000b40   Code   RO          129    .text               i2c_lpc17xx.o
    0x00000f6c   0x00000f6c   0x000000cc   Code   RO          177    .text               gpio_lpc17xx.o
    0x00001038   0x00001038   0x0000013c   Code   RO          201    .text               pin_lpc17xx.o
    0x00001174   0x00001174   0x00000024   Code   RO          226    .text               startup_lpc17xx.o
    0x00001198   0x00001198   0x000002f0   Code   RO          235    .text               system_lpc17xx.o
    0x00001488   0x00001488   0x00000062   Code   RO         1473    .text               mc_w.l(uldiv.o)
    0x000014ea   0x000014ea   0x00000024   Code   RO         1475    .text               mc_w.l(memseta.o)
    0x0000150e   0x0000150e   0x0000001e   Code   RO         1489    .text               mc_w.l(llshl.o)
    0x0000152c   0x0000152c   0x00000020   Code   RO         1491    .text               mc_w.l(llushr.o)
    0x0000154c   0x0000154c   0x00000024   Code   RO         1493    .text               mc_w.l(init.o)
    0x00001570   0x00001570   0x0000000e   Code   RO         1497    i.__scatterload_copy  mc_w.l(handlers.o)
    0x0000157e   0x0000157e   0x0000000e   Code   RO         1499    i.__scatterload_zeroinit  mc_w.l(handlers.o)
    0x0000158c   0x0000158c   0x00000046   Code   RO         1335    i._init_box         RTX_CM3.lib(rt_membox.o)
    0x000015d2   0x000015d2   0x00000002   PAD
    0x000015d4   0x000015d4   0x00000030   Code   RO         1388    i.dbg_init          RTX_CM3.lib(hal_cm.o)
    0x00001604   0x00001604   0x00000020   Code   RO         1389    i.dbg_task_notify   RTX_CM3.lib(hal_cm.o)
    0x00001624   0x00001624   0x00000010   Code   RO         1390    i.dbg_task_switch   RTX_CM3.lib(hal_cm.o)
    0x00001634   0x00001634   0x0000002a   Code   RO          265    i.isrMessageGet     RTX_CM3.lib(rt_cmsis.o)
    0x0000165e   0x0000165e   0x0000002c   Code   RO          266    i.isrMessagePut     RTX_CM3.lib(rt_cmsis.o)
    0x0000168a   0x0000168a   0x00000002   PAD
    0x0000168c   0x0000168c   0x00000056   Code   RO         1181    i.isr_mbx_receive   RTX_CM3.lib(rt_mailbox.o)
    0x000016e2   0x000016e2   0x0000000e   Code   RO         1182    i.isr_mbx_send      RTX_CM3.lib(rt_mailbox.o)
    0x000016f0   0x000016f0   0x00000018   Code   RO          269    i.osDelay           RTX_CM3.lib(rt_cmsis.o)
    0x00001708   0x00001708   0x00000024   Code   RO          270    i.osKernelInitialize  RTX_CM3.lib(rt_cmsis.o)
    0x0000172c   0x0000172c   0x0000006c   Code   RO          272    i.osKernelStart     RTX_CM3.lib(rt_cmsis.o)
    0x00001798   0x00001798   0x00000018   Code   RO          281    i.osMessageGet      RTX_CM3.lib(rt_cmsis.o)
    0x000017b0   0x000017b0   0x0000002c   Code   RO          298    i.osThreadCreate    RTX_CM3.lib(rt_cmsis.o)
    0x000017dc   0x000017dc   0x00000018   Code   RO          299    i.osThreadExit      RTX_CM3.lib(rt_cmsis.o)
    0x000017f4   0x000017f4   0x0000000c   Code   RO          305    i.osTimerCall       RTX_CM3.lib(rt_cmsis.o)
    0x00001800   0x00001800   0x0000002c   Code   RO          310    i.osTimerThread     RTX_CM3.lib(rt_cmsis.o)
    0x0000182c   0x0000182c   0x00000028   Code   RO          969    i.os_tick_init      RTX_CM3.lib(rt_system.o)
    0x00001854   0x00001854   0x0000001a   Code   RO         1336    i.rt_alloc_box      RTX_CM3.lib(rt_membox.o)
    0x0000186e   0x0000186e   0x0000003e   Code   RO         1364    i.rt_alloc_mem      RTX_CM3.lib(rt_memory.o)
    0x000018ac   0x000018ac   0x00000038   Code   RO          884    i.rt_block          RTX_CM3.lib(rt_task.o)
    0x000018e4   0x000018e4   0x00000048   Code   RO         1436    i.rt_chk_robin      RTX_CM3.lib(rt_robin.o)
    0x0000192c   0x0000192c   0x00000070   Code   RO         1105    i.rt_dec_dly        RTX_CM3.lib(rt_list.o)
    0x0000199c   0x0000199c   0x00000044   Code   RO          885    i.rt_dispatch       RTX_CM3.lib(rt_task.o)
    0x000019e0   0x000019e0   0x00000050   Code   RO         1062    i.rt_evt_psh        RTX_CM3.lib(rt_event.o)
    0x00001a30   0x00001a30   0x0000002c   Code   RO         1337    i.rt_free_box       RTX_CM3.lib(rt_membox.o)
    0x00001a5c   0x00001a5c   0x00000028   Code   RO         1365    i.rt_free_mem       RTX_CM3.lib(rt_memory.o)
    0x00001a84   0x00001a84   0x00000028   Code   RO         1106    i.rt_get_first      RTX_CM3.lib(rt_list.o)
    0x00001aac   0x00001aac   0x00000008   Code   RO          315    i.rt_id2obj         RTX_CM3.lib(rt_cmsis.o)
    0x00001ab4   0x00001ab4   0x00000048   Code   RO          886    i.rt_init_context   RTX_CM3.lib(rt_task.o)
    0x00001afc   0x00001afc   0x0000001a   Code   RO         1366    i.rt_init_mem       RTX_CM3.lib(rt_memory.o)
    0x00001b16   0x00001b16   0x00000002   PAD
    0x00001b18   0x00001b18   0x00000018   Code   RO         1437    i.rt_init_robin     RTX_CM3.lib(rt_robin.o)
    0x00001b30   0x00001b30   0x00000080   Code   RO         1391    i.rt_init_stack     RTX_CM3.lib(hal_cm.o)
    0x00001bb0   0x00001bb0   0x00000008   Code   RO         1183    i.rt_mbx_check      RTX_CM3.lib(rt_mailbox.o)
    0x00001bb8   0x00001bb8   0x0000001a   Code   RO         1184    i.rt_mbx_init       RTX_CM3.lib(rt_mailbox.o)
    0x00001bd2   0x00001bd2   0x00000002   PAD
    0x00001bd4   0x00001bd4   0x000000f0   Code   RO         1185    i.rt_mbx_psh        RTX_CM3.lib(rt_mailbox.o)
    0x00001cc4   0x00001cc4   0x000000b4   Code   RO         1187    i.rt_mbx_wait       RTX_CM3.lib(rt_mailbox.o)
    0x00001d78   0x00001d78   0x00000044   Code   RO          316    i.rt_ms2tick        RTX_CM3.lib(rt_cmsis.o)
    0x00001dbc   0x00001dbc   0x0000007c   Code   RO          973    i.rt_pop_req        RTX_CM3.lib(rt_system.o)
    0x00001e38   0x00001e38   0x00000020   Code   RO          974    i.rt_psh_req        RTX_CM3.lib(rt_system.o)
    0x00001e58   0x00001e58   0x0000005c   Code   RO         1108    i.rt_psq_enq        RTX_CM3.lib(rt_list.o)
    0x00001eb4   0x00001eb4   0x00000048   Code   RO         1109    i.rt_put_dly        RTX_CM3.lib(rt_list.o)
    0x00001efc   0x00001efc   0x00000036   Code   RO         1110    i.rt_put_prio       RTX_CM3.lib(rt_list.o)
    0x00001f32   0x00001f32   0x00000002   PAD
    0x00001f34   0x00001f34   0x00000014   Code   RO         1111    i.rt_put_rdy_first  RTX_CM3.lib(rt_list.o)
    0x00001f48   0x00001f48   0x00000034   Code   RO         1112    i.rt_resort_prio    RTX_CM3.lib(rt_list.o)
    0x00001f7c   0x00001f7c   0x00000006   Code   RO         1392    i.rt_ret_val        RTX_CM3.lib(hal_cm.o)
    0x00001f82   0x00001f82   0x00000008   Code   RO         1393    i.rt_ret_val2       RTX_CM3.lib(hal_cm.o)
    0x00001f8a   0x00001f8a   0x00000028   Code   RO         1113    i.rt_rmv_dly        RTX_CM3.lib(rt_list.o)
    0x00001fb2   0x00001fb2   0x00000002   PAD
    0x00001fb4   0x00001fb4   0x00000030   Code   RO         1114    i.rt_rmv_list       RTX_CM3.lib(rt_list.o)
    0x00001fe4   0x00001fe4   0x00000034   Code   RO         1232    i.rt_sem_psh        RTX_CM3.lib(rt_semaphore.o)
    0x00002018   0x00002018   0x00000024   Code   RO          976    i.rt_stk_check      RTX_CM3.lib(rt_system.o)
    0x0000203c   0x0000203c   0x00000028   Code   RO          887    i.rt_switch_req     RTX_CM3.lib(rt_task.o)
    0x00002064   0x00002064   0x000000cc   Code   RO          888    i.rt_sys_init       RTX_CM3.lib(rt_task.o)
    0x00002130   0x00002130   0x00000078   Code   RO          889    i.rt_sys_start      RTX_CM3.lib(rt_task.o)
    0x000021a8   0x000021a8   0x00000040   Code   RO          978    i.rt_systick        RTX_CM3.lib(rt_system.o)
    0x000021e8   0x000021e8   0x00000012   Code   RO          317    i.rt_tid2ptcb       RTX_CM3.lib(rt_cmsis.o)
    0x000021fa   0x000021fa   0x00000002   PAD
    0x000021fc   0x000021fc   0x00000034   Code   RO          318    i.rt_timer_insert   RTX_CM3.lib(rt_cmsis.o)
    0x00002230   0x00002230   0x00000088   Code   RO          890    i.rt_tsk_create     RTX_CM3.lib(rt_task.o)
    0x000022b8   0x000022b8   0x0000017c   Code   RO          891    i.rt_tsk_delete     RTX_CM3.lib(rt_task.o)
    0x00002434   0x00002434   0x0000007c   Code   RO          893    i.rt_tsk_prio       RTX_CM3.lib(rt_task.o)
    0x000024b0   0x000024b0   0x00000010   Code   RO          894    i.rt_tsk_self       RTX_CM3.lib(rt_task.o)
    0x000024c0   0x000024c0   0x00000012   Code   RO          320    i.svcDelay          RTX_CM3.lib(rt_cmsis.o)
    0x000024d2   0x000024d2   0x00000002   PAD
    0x000024d4   0x000024d4   0x00000070   Code   RO          321    i.svcKernelInitialize  RTX_CM3.lib(rt_cmsis.o)
    0x00002544   0x00002544   0x00000048   Code   RO          323    i.svcKernelStart    RTX_CM3.lib(rt_cmsis.o)
    0x0000258c   0x0000258c   0x00000024   Code   RO          326    i.svcMessageCreate  RTX_CM3.lib(rt_cmsis.o)
    0x000025b0   0x000025b0   0x0000003a   Code   RO          327    i.svcMessageGet     RTX_CM3.lib(rt_cmsis.o)
    0x000025ea   0x000025ea   0x00000002   PAD
    0x000025ec   0x000025ec   0x0000006c   Code   RO          341    i.svcThreadCreate   RTX_CM3.lib(rt_cmsis.o)
    0x00002658   0x00002658   0x0000001c   Code   RO          342    i.svcThreadGetId    RTX_CM3.lib(rt_cmsis.o)
    0x00002674   0x00002674   0x00000038   Code   RO          345    i.svcThreadTerminate  RTX_CM3.lib(rt_cmsis.o)
    0x000026ac   0x000026ac   0x00000018   Code   RO          347    i.svcTimerCall      RTX_CM3.lib(rt_cmsis.o)
    0x000026c4   0x000026c4   0x0000005c   Code   RO          356    i.sysTimerTick      RTX_CM3.lib(rt_cmsis.o)
    0x00002720   0x00002720   0x00000008   Data   RO           44    .constdata          led_lpc1768.o
    0x00002728   0x00002728   0x00000068   Data   RO          100    .constdata          rtx_conf_cm.o
    0x00002790   0x00002790   0x00000064   Data   RO          131    .constdata          i2c_lpc17xx.o
    0x000027f4   0x000027f4   0x00000020   Data   RO         1495    Region$$Table       anon$$obj.o


    Execution Region RW_IRAM1 (Exec base: 0x10000000, Load base: 0x00002814, Size: 0x00000b78, Max: 0x00008000, ABSOLUTE)

    Exec Addr    Load Addr    Size         Type   Attr      Idx    E Section Name        Object

    0x10000000   0x00002814   0x00000008   Data   RW            2    .data               i2c_slave.o
    0x10000008   0x0000281c   0x00000010   Data   RW          101    .data               rtx_conf_cm.o
    0x10000018   0x0000282c   0x00000004   Data   RW          132    .data               i2c_lpc17xx.o
    0x1000001c   0x00002830   0x00000004   Data   RW          236    .data               system_lpc17xx.o
    0x10000020   0x00002834   0x00000008   Data   RW          359    .data               RTX_CM3.lib(rt_cmsis.o)
    0x10000028   0x0000283c   0x00000008   Data   RW          896    .data               RTX_CM3.lib(rt_task.o)
    0x10000030   0x00002844   0x00000008   Data   RW          981    .data               RTX_CM3.lib(rt_system.o)
    0x10000038   0x0000284c   0x00000004   Data   RW         1275    .data               RTX_CM3.lib(rt_time.o)
    0x1000003c   0x00002850   0x00000001   Data   RW         1394    .data               RTX_CM3.lib(hal_cm.o)
    0x1000003d   0x00002851   0x00000003   PAD
    0x10000040   0x00002854   0x00000008   Data   RW         1438    .data               RTX_CM3.lib(rt_robin.o)
    0x10000048        -       0x000008a8   Zero   RW           99    .bss                rtx_conf_cm.o
    0x100008f0        -       0x00000024   Zero   RW          130    .bss                i2c_lpc17xx.o
    0x10000914        -       0x00000034   Zero   RW          895    .bss                RTX_CM3.lib(rt_task.o)
    0x10000948        -       0x00000030   Zero   RW         1115    .bss                RTX_CM3.lib(rt_list.o)
    0x10000978        -       0x00000200   Zero   RW          222    STACK               startup_lpc17xx.o


==============================================================================

Image component sizes


      Code (inc. data)   RO Data    RW Data    ZI Data      Debug   Object Name

       204         10          0          0          0       1721   gpio_lpc17xx.o
      2880         68        100          4         36      38736   i2c_lpc17xx.o
       204         12          0          8          0       8933   i2c_slave.o
       260          6          8          0          0      20055   led_lpc1768.o
       316          6          0          0          0       1388   pin_lpc17xx.o
        62          6        104         16       2216       7610   rtx_conf_cm.o
        40         12        204          0        512       1140   startup_lpc17xx.o
       752         30          0          4          0       1229   system_lpc17xx.o

    ----------------------------------------------------------------------
      4720        150        448         32       2764      80812   Object Totals
         0          0         32          0          0          0   (incl. Generated)
         2          0          0          0          0          0   (incl. Padding)

    ----------------------------------------------------------------------

      Code (inc. data)   RO Data    RW Data    ZI Data      Debug   Library Member Name

       238         24          0          1          0       3312   hal_cm.o
       304         36          0          0          0        768   hal_cm3.o
      1152        144          0          8          0      32862   rt_cmsis.o
        80          4          0          0          0        661   rt_event.o
       530         34          0          0         48       8253   rt_list.o
       554         10          0          0          0       3949   rt_mailbox.o
       140          0          0          0          0       1925   rt_membox.o
       128          0          0          0          0       2307   rt_memory.o
        96         22          0          8          0       1158   rt_robin.o
        52          4          0          0          0        573   rt_semaphore.o
       298         52          0          8          0       6223   rt_system.o
      1216        174          0          8         52       9649   rt_task.o
         6          0          0          4          0        652   rt_time.o
         4          4          0          0          0        208   svc_table.o
         0          0          0          0          0          0   entry.o
         0          0          0          0          0          0   entry10a.o
         0          0          0          0          0          0   entry11a.o
         8          4          0          0          0          0   entry2.o
         4          0          0          0          0          0   entry5.o
         0          0          0          0          0          0   entry7b.o
         0          0          0          0          0          0   entry8b.o
        30          0          0          0          0          0   handlers.o
        36          8          0          0          0         68   init.o
        30          0          0          0          0         68   llshl.o
        32          0          0          0          0         68   llushr.o
        36          0          0          0          0        108   memseta.o
        98          0          0          0          0         92   uldiv.o

    ----------------------------------------------------------------------
      5092        520          0         40        100      72904   Library Totals
        20          0          0          3          0          0   (incl. Padding)

    ----------------------------------------------------------------------

      Code (inc. data)   RO Data    RW Data    ZI Data      Debug   Library Name

      4798        508          0         37        100      72500   RTX_CM3.lib
       274         12          0          0          0        404   mc_w.l

    ----------------------------------------------------------------------
      5092        520          0         40        100      72904   Library Totals

    ----------------------------------------------------------------------

==============================================================================


      Code (inc. data)   RO Data    RW Data    ZI Data      Debug   

      9812        670        448         72       2864     149656   Grand Totals
      9812        670        448         72       2864     149656   ELF Image Totals
      9812        670        448         72          0          0   ROM Totals

==============================================================================

    Total RO  Size (Code + RO Data)                10260 (  10.02kB)
    Total RW  Size (RW Data + ZI Data)              2936 (   2.87kB)
    Total ROM Size (Code + RO Data + RW Data)      10332 (  10.09kB)

==============================================================================

